Link map of __start
  1] __start (notype,global) found in crt0_s.obj 
   2] _@DummyFn1 (func,local) found in crt0_s.obj 
    3] __SP_INIT found as linker generated symbol
    3] _SDA_BASE_ found as linker generated symbol
    3] _SDA2_BASE_ found as linker generated symbol
    3] romcopy (func,global) found in romcopy_c.obj 
     4] __DATA_RAM found as linker generated symbol
     4] __DATA_ROM found as linker generated symbol
     4] __DATA_END found as linker generated symbol
     4] __BSS_START found as linker generated symbol
     4] __BSS_END found as linker generated symbol
     4] main (func,global) found in main_c.obj 
      5] sys_init_fnc (func,global) found in sys_init_c.obj 
       6] intc_init_fnc (func,global) found in intc_init_c.obj 
        7] IntcIsrVectorTable (object,global) found in intc_sw_vecttable_c.obj 
         8] interrupt_handler (func,global) found in intc_sw_vecttable_c.obj 
         8] line_sensing (func,global) found in intc_pit_c.obj 
          9] line_scan (func,global) found in line_scan_c.obj 
           10] lineCameras (object,local) found in line_scan_c.obj 
           10] writePin (func,global) found in common_c.obj 
            11] GPIO_SetState (func,global) found in gpio_drv_c.obj 
           10] A2D_GetSingleCh_10bit (func,global) found in adc_drv_c.obj 
           10] line_values (object,local) found in line_scan_c.obj 
          9] DisableExternalInterrupts (func,global) found in rappid_utils_c.obj 
          9] line_calc (func,global) found in line_scan_c.obj 
           10] line_down_point_buf (object,global) found in line_scan_c.obj 
           10] line_down_point_delta (object,global) found in line_scan_c.obj 
           10] line_calc_buf (object,global) found in line_scan_c.obj 
           10] line_point_value (object,local) found in line_scan_c.obj 
          9] EnableExternalInterrupts (func,global) found in rappid_utils_c.obj 
         8] sona_sensing (func,global) found in intc_pit_c.obj 
          9] @LOCAL@sona_sensing__Fv@sona_state (object,local) found in intc_pit_c.obj 
          9] sona_sensor_send_echo (func,global) found in sona_sensor_c.obj 
           10] sona_sensor (object,local) found in sona_sensor_c.obj 
          9] sona_sensor_end_echo (func,global) found in sona_sensor_c.obj 
          9] sona_sensor_get_pulse_width (func,global) found in sona_sensor_c.obj 
          9] i_to_s_cnt (func,global) found in common_c.obj 
           10] pow (func,global) found in common_c.obj 
          9] @52 (object,local) found in intc_pit_c.obj 
          9] print (func,global) found in common_c.obj 
           10] UartTxMsg (func,global) found in UART_drv_c.obj 
          9] sys_log (func,global) found in common_c.obj 
           10] println (func,global) found in common_c.obj 
            11] @119 (object,local) found in common_c.obj 
         8] ai_control (func,global) found in intc_pit_c.obj 
          9] core_ai_think (func,global) found in core_ai_c.obj 
           10] caution_count (object,local) found in core_ai_c.obj 
           10] danger_level (object,local) found in core_ai_c.obj 
           10] get_left_encoder (func,global) found in encoder_c.obj 
            11] left_encoder (object,local) found in encoder_c.obj 
           10] get_right_encoder (func,global) found in encoder_c.obj 
            11] right_encoder (object,local) found in encoder_c.obj 
           10] line_values_get_detected (func,global) found in line_scan_c.obj 
           10] @115 (object,local) found in core_ai_c.obj 
           10] @116 (object,local) found in core_ai_c.obj 
           10] Uart_100 (func,global) found in common_c.obj 
           10] atan (object,local) found in core_ai_c.obj 
           10] @117 (object,local) found in core_ai_c.obj 
           10] cos_calc_values (object,local) found in core_ai_c.obj 
           10] @118 (object,local) found in core_ai_c.obj 
           10] @119 (object,local) found in core_ai_c.obj 
           10] pid_control (func,global) found in core_ai_c.obj 
            11] @LOCAL@pid_control__Fll@preError (object,local) found in core_ai_c.obj 
            11] @LOCAL@pid_control__Fll@errorSum@0 (object,local) found in core_ai_c.obj 
           10] dc_motor_left_set_duty_rate (func,global) found in dc_motor_c.obj 
            11] left_motor (object,local) found in dc_motor_c.obj 
            11] Motor_set_speed (func,global) found in dc_motor_c.obj 
           10] dc_motor_right_set_duty_rate (func,global) found in dc_motor_c.obj 
            11] right_motor (object,local) found in dc_motor_c.obj 
        7] en_int_fnc (func,global) found in intc_init_c.obj 
       6] IVPRInitialize (notype,global) found in rappid_func_s.obj 
        7] _@DummyFn1 (func,local) found in rappid_func_s.obj 
         8] IVORxHandlers (notype,global) found in excep_handler_s.obj 
          9] _@DummyFn1 (func,local) found in excep_handler_s.obj 
           10] .text_vle (section,local) found in excep_handler_s.obj 
            11] IVOR0Handler (notype,global) found in excep_handler_s.obj 
            11] IVOR1Handler (notype,global) found in excep_handler_s.obj 
            11] IVOR2Handler (notype,global) found in excep_handler_s.obj 
            11] IVOR3Handler (notype,global) found in excep_handler_s.obj 
            11] IVOR5Handler (notype,global) found in excep_handler_s.obj 
            11] IVOR6Handler (notype,global) found in excep_handler_s.obj 
            11] IVOR8Handler (notype,global) found in excep_handler_s.obj 
            11] IVOR15Handler (notype,global) found in excep_handler_s.obj 
            11] default_except_handler (notype,global) found in excep_handler_s.obj 
            11] .text_vle (section,local) found in excep_handler_s.obj 
           10] IVOR4Handler (notype,global) found in sw_handlers_s.obj 
            11] _@DummyFn1 (func,local) found in sw_handlers_s.obj 
            11] .text_vle (section,local) found in sw_handlers_s.obj 
          9] .exec_vect_Vle (section,local) found in excep_handler_s.obj 
        7] .text_vle (section,local) found in rappid_func_s.obj 
       6] swt_init_fnc (func,global) found in swt_init_c.obj 
       6] sysclk_module_init_fnc (func,global) found in sysclk_init_c.obj 
        7] mode_entry_init_fnc (func,global) found in sysclk_init_c.obj 
        7] sysclk_init_fnc (func,global) found in sysclk_init_c.obj 
        7] cmu_init_fnc (func,global) found in sysclk_init_c.obj 
       6] rtc_init_fnc (func,global) found in rtc_init_c.obj 
       6] stm_init_fnc (func,global) found in stm_init_c.obj 
       6] pit_init_fnc (func,global) found in pit_init_c.obj 
       6] flexcan_init_fnc (func,global) found in flexcan_init_c.obj 
        7] flexcan_0_init_fnc (func,global) found in flexcan_init_c.obj 
        7] flexcan_1_init_fnc (func,global) found in flexcan_init_c.obj 
        7] flexcan_2_init_fnc (func,global) found in flexcan_init_c.obj 
        7] flexcan_3_init_fnc (func,global) found in flexcan_init_c.obj 
        7] flexcan_4_init_fnc (func,global) found in flexcan_init_c.obj 
        7] flexcan_5_init_fnc (func,global) found in flexcan_init_c.obj 
       6] adc_init_fnc (func,global) found in adc_init_c.obj 
        7] adc_0_init_fnc (func,global) found in adc_init_c.obj 
         8] adc_0_channel_setup_fnc (func,global) found in adc_init_c.obj 
         8] adc_0_trigger_setup_fnc (func,global) found in adc_init_c.obj 
        7] adc_1_init_fnc (func,global) found in adc_init_c.obj 
         8] adc_1_channel_setup_fnc (func,global) found in adc_init_c.obj 
         8] adc_1_trigger_setup_fnc (func,global) found in adc_init_c.obj 
        7] adc_ctuevent_init_fnc (func,global) found in adc_init_c.obj 
       6] emios_init_fnc (func,global) found in emios_init_c.obj 
        7] emios_0_init_fnc (func,global) found in emios_init_c.obj 
        7] emios_1_init_fnc (func,global) found in emios_init_c.obj 
       6] dspi_init_fnc (func,global) found in dspi_init_c.obj 
        7] dspi0_init_fnc (func,global) found in dspi_init_c.obj 
        7] dspi1_init_fnc (func,global) found in dspi_init_c.obj 
        7] dspi2_init_fnc (func,global) found in dspi_init_c.obj 
        7] dspi3_init_fnc (func,global) found in dspi_init_c.obj 
        7] dspi4_init_fnc (func,global) found in dspi_init_c.obj 
       6] linflex_init_fnc (func,global) found in linflex_init_c.obj 
        7] linflex0_init_fnc (func,global) found in linflex_init_c.obj 
        7] linflex1_init_fnc (func,global) found in linflex_init_c.obj 
        7] linflex2_init_fnc (func,global) found in linflex_init_c.obj 
        7] linflex3_init_fnc (func,global) found in linflex_init_c.obj 
        7] linflex4_init_fnc (func,global) found in linflex_init_c.obj 
        7] linflex5_init_fnc (func,global) found in linflex_init_c.obj 
       6] mode_entry_post_config_fnc (func,global) found in sysclk_init_c.obj 
       6] siu_init_fnc (func,global) found in siu_init_c.obj 
        7] siu_portA_init_fnc (func,global) found in siu_init_c.obj 
        7] siu_portB_init_fnc (func,global) found in siu_init_c.obj 
        7] siu_portC_init_fnc (func,global) found in siu_init_c.obj 
        7] siu_portD_init_fnc (func,global) found in siu_init_c.obj 
        7] siu_portE_init_fnc (func,global) found in siu_init_c.obj 
        7] siu_portF_init_fnc (func,global) found in siu_init_c.obj 
        7] siu_portG_init_fnc (func,global) found in siu_init_c.obj 
        7] siu_portH_init_fnc (func,global) found in siu_init_c.obj 
        7] siu_general_init_fnc (func,global) found in siu_init_c.obj 
        7] siu_parallel_port_init_fnc (func,global) found in siu_init_c.obj 
        7] siu_unused_pins_init_fnc (func,global) found in siu_init_c.obj 
        7] siu_psmi_init_fnc (func,global) found in siu_init_c.obj 
      5] SBC_Init_DBG (func,global) found in sbc_hld_c.obj 
       6] SBC_Write_Data (func,global) found in sbc_hld_c.obj 
      5] @64 (object,local) found in main_c.obj 
      5] dc_motor_init (func,global) found in dc_motor_c.obj 
       6] Motor_init (func,global) found in dc_motor_c.obj 
      5] encoder_init (func,global) found in encoder_c.obj 
       6] Encoder_init (func,global) found in encoder_c.obj 
      5] line_scan_init (func,global) found in line_scan_c.obj 
       6] LineCamera_init (func,global) found in line_scan_c.obj 
      5] servo_motor_init (func,global) found in servo_motor_c.obj 
       6] handle_motor (object,local) found in servo_motor_c.obj 
       6] ServoMotor_init (func,global) found in servo_motor_c.obj 
      5] sona_sensor_init (func,global) found in sona_sensor_c.obj 
   2] .text_vle (section,local) found in crt0_s.obj 
  1] bam_rchw (object,global) found in rchw_init_c.obj 
  1] bam_resetvector (object,global) found in rchw_init_c.obj 
    3] .text (section,local) found in sysclk_init_c.obj 
    3] .text.65 (notype,local) found in sysclk_init_c.obj 
    3] .text (section,local) found in sys_init_c.obj 
    3] .text.11 (notype,local) found in sys_init_c.obj 
    3] .text (section,local) found in swt_init_c.obj 
    3] .text.29 (notype,local) found in swt_init_c.obj 
    3] .text (section,local) found in stm_init_c.obj 
    3] .text.9 (notype,local) found in stm_init_c.obj 
    3] .text (section,local) found in sona_sensor_c.obj 
    3] .text.52 (notype,local) found in sona_sensor_c.obj 
    3] .text (section,local) found in siu_init_c.obj 
    3] .text.57 (notype,local) found in siu_init_c.obj 
    3] .text (section,local) found in servo_motor_c.obj 
    3] .text.62 (notype,local) found in servo_motor_c.obj 
    3] .text (section,local) found in sbc_hld_c.obj 
    3] .text.27 (notype,local) found in sbc_hld_c.obj 
    3] .text (section,local) found in rtc_init_c.obj 
    3] .text.9 (notype,local) found in rtc_init_c.obj 
    3] .text (section,local) found in romcopy_c.obj 
    3] .text.34 (notype,local) found in romcopy_c.obj 
    3] .text (section,local) found in rappid_utils_c.obj 
    3] .text.29 (notype,local) found in rappid_utils_c.obj 
    3] .text (section,local) found in pit_init_c.obj 
    3] .text.32 (notype,local) found in pit_init_c.obj 
    3] .text (section,local) found in main_c.obj 
    3] .text.109 (notype,local) found in main_c.obj 
    3] .text (section,local) found in linflex_init_c.obj 
    3] .text.33 (notype,local) found in linflex_init_c.obj 
    3] .text (section,local) found in line_scan_c.obj 
    3] .text.144 (notype,local) found in line_scan_c.obj 
    3] .text (section,local) found in intc_sw_vecttable_c.obj 
    3] .text.33 (notype,local) found in intc_sw_vecttable_c.obj 
    3] .text (section,local) found in intc_pit_c.obj 
    3] .text.72 (notype,local) found in intc_pit_c.obj 
    3] .text (section,local) found in intc_init_c.obj 
    3] .text.19 (notype,local) found in intc_init_c.obj 
    3] .text (section,local) found in gpio_drv_c.obj 
    3] .text.17 (notype,local) found in gpio_drv_c.obj 
    3] .text (section,local) found in flexcan_init_c.obj 
    3] .text.196 (notype,local) found in flexcan_init_c.obj 
    3] .text (section,local) found in encoder_c.obj 
    3] .text.73 (notype,local) found in encoder_c.obj 
    3] .text (section,local) found in emios_init_c.obj 
    3] .text.40 (notype,local) found in emios_init_c.obj 
    3] .text (section,local) found in dspi_init_c.obj 
    3] .text.29 (notype,local) found in dspi_init_c.obj 
    3] .text (section,local) found in dc_motor_c.obj 
    3] .text.73 (notype,local) found in dc_motor_c.obj 
    3] .text (section,local) found in core_ai_c.obj 
    3] .text.161 (notype,local) found in core_ai_c.obj 
    3] .text (section,local) found in common_c.obj 
    3] .text.214 (notype,local) found in common_c.obj 
    3] .text (section,local) found in adc_init_c.obj 
    3] .text.37 (notype,local) found in adc_init_c.obj 
    3] .text (section,local) found in adc_drv_c.obj 
    3] .text.66 (notype,local) found in adc_drv_c.obj 
    3] .text (section,local) found in UART_drv_c.obj 
    3] .text.77 (notype,local) found in UART_drv_c.obj 


.__bam_bootarea section layout
  Starting        Virtual  File
  address  Size   address  offset
  ---------------------------------
  00000000 000008 00000000 00000200  1 .__bam_bootarea 	rchw_init_c.obj 
  00000000 000004 00000000 00000200  4 bam_rchw 	rchw_init_c.obj 
  00000004 000004 00000004 00000204  4 bam_resetvector 	rchw_init_c.obj 


.init section layout
  Starting        Virtual  File
  address  Size   address  offset
  ---------------------------------


.init_vle section layout
  Starting        Virtual  File
  address  Size   address  offset
  ---------------------------------


.exec_vect section layout
  Starting        Virtual  File
  address  Size   address  offset
  ---------------------------------


.exec_vect_Vle section layout
  Starting        Virtual  File
  address  Size   address  offset
  ---------------------------------
  00000000 0000f4 00001000 00000210  1 .exec_vect_Vle 	excep_handler_s.obj 
  00000000 0000f4 00001000 00000210  4 _@DummyFn1 	excep_handler_s.obj 
  00000000 000000 00001000 00000210    IVORxHandlers (entry of .exec_vect_Vle) 	excep_handler_s.obj 


.vects section layout
  Starting        Virtual  File
  address  Size   address  offset
  ---------------------------------
  00000000 0003a8 00002000 00000308  1 .vects 	intc_sw_vecttable_c.obj 
  00000000 0003a8 00002000 00000308  8 IntcIsrVectorTable 	intc_sw_vecttable_c.obj 


.text section layout
  Starting        Virtual  File
  address  Size   address  offset
  ---------------------------------


.text_vle section layout
  Starting        Virtual  File
  address  Size   address  offset
  ---------------------------------
  00000000 0000c0 00003000 000006b0  1 .text_vle 	sw_handlers_s.obj 
  00000000 0000c0 00003000 000006b0  4 _@DummyFn1 	sw_handlers_s.obj 
  00000000 000000 00003000 000006b0    IVOR4Handler (entry of .text_vle) 	sw_handlers_s.obj 
  000000c0 00000e 000030c0 00000770  1 .text_vle 	rappid_func_s.obj 
  000000c0 00000e 000030c0 00000770  4 _@DummyFn1 	rappid_func_s.obj 
  000000c0 000000 000030c0 00000770    IVPRInitialize (entry of .text_vle) 	rappid_func_s.obj 
  000000ce 000002 000030d0 00000780  4 *fill*
  000000d0 000050 000030d0 00000780  1 .text_vle 	excep_handler_s.obj 
  000000d0 000000 000030d0 00000780    IVOR0Handler (entry of .text_vle) 	excep_handler_s.obj 
  000000da 000000 000030da 0000078a    IVOR1Handler (entry of .text_vle) 	excep_handler_s.obj 
  000000e4 000000 000030e4 00000794    IVOR2Handler (entry of .text_vle) 	excep_handler_s.obj 
  000000ee 000000 000030ee 0000079e    IVOR3Handler (entry of .text_vle) 	excep_handler_s.obj 
  000000f8 000000 000030f8 000007a8    IVOR5Handler (entry of .text_vle) 	excep_handler_s.obj 
  00000102 000000 00003102 000007b2    IVOR6Handler (entry of .text_vle) 	excep_handler_s.obj 
  0000010c 000000 0000310c 000007bc    IVOR8Handler (entry of .text_vle) 	excep_handler_s.obj 
  00000116 000000 00003116 000007c6    IVOR15Handler (entry of .text_vle) 	excep_handler_s.obj 
  00000120 000000 00003120 000007d0    default_except_handler (entry of .text_vle) 	excep_handler_s.obj 
  00000120 000054 00003120 000007d0  1 .text_vle 	crt0_s.obj 
  00000120 000054 00003120 000007d0  4 _@DummyFn1 	crt0_s.obj 
  00000120 000000 00003120 000007d0    __start (entry of .text_vle) 	crt0_s.obj 
  00000174 0004dc 00003174 00000824  1 .text 	sysclk_init_c.obj 
  00000174 00001c 00003174 00000824  2 sysclk_module_init_fnc 	sysclk_init_c.obj 
  00000190 00025a 00003190 00000840  2 mode_entry_init_fnc 	sysclk_init_c.obj 
  000003ea 00017c 000033ea 00000a9a  2 sysclk_init_fnc 	sysclk_init_c.obj 
  00000566 00002a 00003566 00000c16  2 cmu_init_fnc 	sysclk_init_c.obj 
  00000590 0000c0 00003590 00000c40  2 mode_entry_post_config_fnc 	sysclk_init_c.obj 
  00000650 000000 00003650 00000d00  1 .text.65 	sysclk_init_c.obj 
  00000650 00004e 00003650 00000d00  1 .text 	sys_init_c.obj 
  00000650 00004e 00003650 00000d00  2 sys_init_fnc 	sys_init_c.obj 
  0000069e 000000 0000369e 00000d4e  1 .text.11 	sys_init_c.obj 
  0000069e 0000c8 0000369e 00000d4e  1 .text 	swt_init_c.obj 
  0000069e 0000c8 0000369e 00000d4e  2 swt_init_fnc 	swt_init_c.obj 
  UNUSED   000032 ........ ........    swt_srvc_seq_fnc swt_init_c.obj 
  00000766 000000 00003766 00000e16  1 .text.29 	swt_init_c.obj 
  00000766 0000a8 00003766 00000e16  1 .text 	stm_init_c.obj 
  00000766 0000a8 00003766 00000e16  2 stm_init_fnc 	stm_init_c.obj 
  0000080e 000000 0000380e 00000ebe  1 .text.9 	stm_init_c.obj 
  0000080e 000106 0000380e 00000ebe  1 .text 	sona_sensor_c.obj 
  0000080e 00001a 0000380e 00000ebe  2 sona_sensor_init 	sona_sensor_c.obj 
  00000828 00002c 00003828 00000ed8  2 sona_sensor_send_echo 	sona_sensor_c.obj 
  00000854 00001e 00003854 00000f04  2 sona_sensor_end_echo 	sona_sensor_c.obj 
  00000872 0000a2 00003872 00000f22  2 sona_sensor_get_pulse_width 	sona_sensor_c.obj 
  UNUSED   00000a ........ ........    get_sona_sensor sona_sensor_c.obj 
  00000914 000000 00003914 00000fc4  1 .text.52 	sona_sensor_c.obj 
  00000914 00099a 00003914 00000fc4  1 .text 	siu_init_c.obj 
  00000914 000040 00003914 00000fc4  2 siu_init_fnc 	siu_init_c.obj 
  00000954 0000bc 00003954 00001004  2 siu_portA_init_fnc 	siu_init_c.obj 
  00000a10 0000b0 00003a10 000010c0  2 siu_portB_init_fnc 	siu_init_c.obj 
  00000ac0 0000ac 00003ac0 00001170  2 siu_portC_init_fnc 	siu_init_c.obj 
  00000b6c 00009c 00003b6c 0000121c  2 siu_portD_init_fnc 	siu_init_c.obj 
  00000c08 0000b0 00003c08 000012b8  2 siu_portE_init_fnc 	siu_init_c.obj 
  00000cb8 0000a2 00003cb8 00001368  2 siu_portF_init_fnc 	siu_init_c.obj 
  00000d5a 0000ac 00003d5a 0000140a  2 siu_portG_init_fnc 	siu_init_c.obj 
  00000e06 00007c 00003e06 000014b6  2 siu_portH_init_fnc 	siu_init_c.obj 
  00000e82 000174 00003e82 00001532  2 siu_general_init_fnc 	siu_init_c.obj 
  00000ff6 000052 00003ff6 000016a6  2 siu_parallel_port_init_fnc 	siu_init_c.obj 
  00001048 000002 00004048 000016f8  2 siu_unused_pins_init_fnc 	siu_init_c.obj 
  0000104a 000264 0000404a 000016fa  2 siu_psmi_init_fnc 	siu_init_c.obj 
  000012ae 000000 000042ae 0000195e  1 .text.57 	siu_init_c.obj 
  000012ae 000024 000042ae 0000195e  1 .text 	servo_motor_c.obj 
  000012ae 00001c 000042ae 0000195e  2 servo_motor_init 	servo_motor_c.obj 
  UNUSED   00001c ........ ........    servo_motor_move servo_motor_c.obj 
  000012ca 000008 000042ca 0000197a  2 ServoMotor_init 	servo_motor_c.obj 
  UNUSED   000030 ........ ........    ServoMotor_rotate servo_motor_c.obj 
  000012d2 000000 000042d2 00001982  1 .text.62 	servo_motor_c.obj 
  000012d2 000086 000042d2 00001982  1 .text 	sbc_hld_c.obj 
  000012d2 000034 000042d2 00001982  2 SBC_Init_DBG 	sbc_hld_c.obj 
  00001306 000052 00004306 000019b6  2 SBC_Write_Data 	sbc_hld_c.obj 
  00001358 000000 00004358 00001a08  1 .text.27 	sbc_hld_c.obj 
  00001358 000030 00004358 00001a08  1 .text 	rtc_init_c.obj 
  00001358 000030 00004358 00001a08  2 rtc_init_fnc 	rtc_init_c.obj 
  00001388 000000 00004388 00001a38  1 .text.9 	rtc_init_c.obj 
  00001388 0000ae 00004388 00001a38  1 .text 	romcopy_c.obj 
  00001388 0000ae 00004388 00001a38  2 romcopy 	romcopy_c.obj 
  00001436 000000 00004436 00001ae6  1 .text.34 	romcopy_c.obj 
  00001436 00000c 00004436 00001ae6  1 .text 	rappid_utils_c.obj 
  00001436 000006 00004436 00001ae6  2 EnableExternalInterrupts 	rappid_utils_c.obj 
  0000143c 000006 0000443c 00001aec  2 DisableExternalInterrupts 	rappid_utils_c.obj 
  UNUSED   000016 ........ ........    fs_clearmem rappid_utils_c.obj 
  00001442 000000 00004442 00001af2  1 .text.29 	rappid_utils_c.obj 
  00001442 00019c 00004442 00001af2  1 .text 	pit_init_c.obj 
  00001442 00019c 00004442 00001af2  2 pit_init_fnc 	pit_init_c.obj 
  000015de 000000 000045de 00001c8e  1 .text.32 	pit_init_c.obj 
  000015de 000070 000045de 00001c8e  1 .text 	main_c.obj 
  000015de 000070 000045de 00001c8e  2 main 	main_c.obj 
  UNUSED   00009a ........ ........    ProcessCAN main_c.obj 
  UNUSED   00010c ........ ........    ProcessADC main_c.obj 
  0000164e 000000 0000464e 00001cfe  1 .text.109 	main_c.obj 
  0000164e 000514 0000464e 00001cfe  1 .text 	linflex_init_c.obj 
  0000164e 000028 0000464e 00001cfe  2 linflex_init_fnc 	linflex_init_c.obj 
  00001676 000164 00004676 00001d26  2 linflex0_init_fnc 	linflex_init_c.obj 
  000017da 0000ca 000047da 00001e8a  2 linflex1_init_fnc 	linflex_init_c.obj 
  000018a4 0000b6 000048a4 00001f54  2 linflex2_init_fnc 	linflex_init_c.obj 
  0000195a 0000b6 0000495a 0000200a  2 linflex3_init_fnc 	linflex_init_c.obj 
  00001a10 00009c 00004a10 000020c0  2 linflex4_init_fnc 	linflex_init_c.obj 
  00001aac 0000b6 00004aac 0000215c  2 linflex5_init_fnc 	linflex_init_c.obj 
  00001b62 000000 00004b62 00002212  1 .text.33 	linflex_init_c.obj 
  00001b62 0004aa 00004b62 00002212  1 .text 	line_scan_c.obj 
  00001b62 000008 00004b62 00002212  2 LineCamera_init 	line_scan_c.obj 
  00001b6a 00006e 00004b6a 0000221a  2 line_scan_init 	line_scan_c.obj 
  00001bd8 00022e 00004bd8 00002288  2 line_calc 	line_scan_c.obj 
  00001e06 0001f4 00004e06 000024b6  2 line_scan 	line_scan_c.obj 
  UNUSED   000012 ........ ........    line_values_get_index line_scan_c.obj 
  00001ffa 000012 00004ffa 000026aa  2 line_values_get_detected 	line_scan_c.obj 
  0000200c 000000 0000500c 000026bc  1 .text.144 	line_scan_c.obj 
  0000200c 000002 0000500c 000026bc  1 .text 	intc_sw_vecttable_c.obj 
  0000200c 000002 0000500c 000026bc  2 interrupt_handler 	intc_sw_vecttable_c.obj 
  0000200e 000000 0000500e 000026be  1 .text.33 	intc_sw_vecttable_c.obj 
  0000200e 0000ea 0000500e 000026be  1 .text 	intc_pit_c.obj 
  0000200e 00002a 0000500e 000026be  2 line_sensing 	intc_pit_c.obj 
  00002038 0000a2 00005038 000026e8  2 sona_sensing 	intc_pit_c.obj 
  000020da 00001e 000050da 0000278a  2 ai_control 	intc_pit_c.obj 
  000020f8 000000 000050f8 000027a8  1 .text.72 	intc_pit_c.obj 
  000020f8 000760 000050f8 000027a8  1 .text 	intc_init_c.obj 
  000020f8 000756 000050f8 000027a8  2 intc_init_fnc 	intc_init_c.obj 
  0000284e 00000a 0000584e 00002efe  2 en_int_fnc 	intc_init_c.obj 
  00002858 000000 00005858 00002f08  1 .text.19 	intc_init_c.obj 
  00002858 00001e 00005858 00002f08  1 .text 	gpio_drv_c.obj 
  UNUSED   000026 ........ ........    GPIO_GetState gpio_drv_c.obj 
  00002858 00001e 00005858 00002f08  2 GPIO_SetState 	gpio_drv_c.obj 
  00002876 000000 00005876 00002f26  1 .text.17 	gpio_drv_c.obj 
  00002876 000a38 00005876 00002f26  1 .text 	flexcan_init_c.obj 
  00002876 00005a 00005876 00002f26  2 flexcan_init_fnc 	flexcan_init_c.obj 
  000028d0 00017e 000058d0 00002f80  2 flexcan_0_init_fnc 	flexcan_init_c.obj 
  00002a4e 0001ba 00005a4e 000030fe  2 flexcan_1_init_fnc 	flexcan_init_c.obj 
  00002c08 0001b8 00005c08 000032b8  2 flexcan_2_init_fnc 	flexcan_init_c.obj 
  00002dc0 0001b8 00005dc0 00003470  2 flexcan_3_init_fnc 	flexcan_init_c.obj 
  00002f78 00017e 00005f78 00003628  2 flexcan_4_init_fnc 	flexcan_init_c.obj 
  000030f6 0001b8 000060f6 000037a6  2 flexcan_5_init_fnc 	flexcan_init_c.obj 
  000032ae 000000 000062ae 0000395e  1 .text.196 	flexcan_init_c.obj 
  000032ae 00008e 000062ae 0000395e  1 .text 	encoder_c.obj 
  000032ae 000016 000062ae 0000395e  2 Encoder_init 	encoder_c.obj 
  UNUSED   000048 ........ ........    Encoder_read encoder_c.obj 
  000032c4 000034 000062c4 00003974  2 encoder_init 	encoder_c.obj 
  UNUSED   000024 ........ ........    encoder_read_left encoder_c.obj 
  UNUSED   000024 ........ ........    encoder_read_right encoder_c.obj 
  000032f8 000022 000062f8 000039a8  2 get_left_encoder 	encoder_c.obj 
  0000331a 000022 0000631a 000039ca  2 get_right_encoder 	encoder_c.obj 
  0000333c 000000 0000633c 000039ec  1 .text.73 	encoder_c.obj 
  0000333c 0009fc 0000633c 000039ec  1 .text 	emios_init_c.obj 
  0000333c 000018 0000633c 000039ec  2 emios_init_fnc 	emios_init_c.obj 
  00003354 00051e 00006354 00003a04  2 emios_0_init_fnc 	emios_init_c.obj 
  00003872 0004c6 00006872 00003f22  2 emios_1_init_fnc 	emios_init_c.obj 
  00003d38 000000 00006d38 000043e8  1 .text.40 	emios_init_c.obj 
  00003d38 000324 00006d38 000043e8  1 .text 	dspi_init_c.obj 
  00003d38 000024 00006d38 000043e8  2 dspi_init_fnc 	dspi_init_c.obj 
  00003d5c 000086 00006d5c 0000440c  2 dspi0_init_fnc 	dspi_init_c.obj 
  00003de2 0000a8 00006de2 00004492  2 dspi1_init_fnc 	dspi_init_c.obj 
  00003e8a 0000a6 00006e8a 0000453a  2 dspi2_init_fnc 	dspi_init_c.obj 
  00003f30 0000a6 00006f30 000045e0  2 dspi3_init_fnc 	dspi_init_c.obj 
  00003fd6 000086 00006fd6 00004686  2 dspi4_init_fnc 	dspi_init_c.obj 
  0000405c 000000 0000705c 0000470c  1 .text.29 	dspi_init_c.obj 
  0000405c 0000e8 0000705c 0000470c  1 .text 	dc_motor_c.obj 
  0000405c 000014 0000705c 0000470c  2 Motor_init 	dc_motor_c.obj 
  00004070 00005c 00007070 00004720  2 Motor_set_speed 	dc_motor_c.obj 
  000040cc 00003c 000070cc 0000477c  2 dc_motor_init 	dc_motor_c.obj 
  00004108 00001e 00007108 000047b8  2 dc_motor_left_set_duty_rate 	dc_motor_c.obj 
  00004126 00001e 00007126 000047d6  2 dc_motor_right_set_duty_rate 	dc_motor_c.obj 
  00004144 000000 00007144 000047f4  1 .text.73 	dc_motor_c.obj 
  00004144 0003ec 00007144 000047f4  1 .text 	core_ai_c.obj 
  00004144 000334 00007144 000047f4  2 core_ai_think 	core_ai_c.obj 
  00004478 0000b8 00007478 00004b28  2 pid_control 	core_ai_c.obj 
  00004530 000000 00007530 00004be0  1 .text.161 	core_ai_c.obj 
  00004530 000200 00007530 00004be0  1 .text 	common_c.obj 
  00004530 000032 00007530 00004be0  2 writePin 	common_c.obj 
  UNUSED   000018 ........ ........    readPin common_c.obj 
  UNUSED   00002e ........ ........    sdelay common_c.obj 
  UNUSED   000032 ........ ........    mdelay common_c.obj 
  UNUSED   00002a ........ ........    ndelay common_c.obj 
  UNUSED   00002c ........ ........    udelay common_c.obj 
  00004562 00003c 00007562 00004c12  2 print 	common_c.obj 
  0000459e 000020 0000759e 00004c4e  2 println 	common_c.obj 
  000045be 000016 000075be 00004c6e  2 sys_log 	common_c.obj 
  UNUSED   000016 ........ ........    err_log common_c.obj 
  000045d4 000026 000075d4 00004c84  2 pow 	common_c.obj 
  UNUSED   00001a ........ ........    get_number_string_length common_c.obj 
  UNUSED   00004e ........ ........    get_number_length common_c.obj 
  000045fa 000084 000075fa 00004caa  2 i_to_s_cnt 	common_c.obj 
  0000467e 0000b2 0000767e 00004d2e  2 Uart_100 	common_c.obj 
  UNUSED   0000ee ........ ........    Uart_1000 common_c.obj 
  UNUSED   00012a ........ ........    Uart_10000 common_c.obj 
  00004730 000000 00007730 00004de0  1 .text.214 	common_c.obj 
  00004730 00068a 00007730 00004de0  1 .text 	adc_init_c.obj 
  00004730 00001c 00007730 00004de0  2 adc_init_fnc 	adc_init_c.obj 
  0000474c 0000c0 0000774c 00004dfc  2 adc_0_init_fnc 	adc_init_c.obj 
  0000480c 0000be 0000780c 00004ebc  2 adc_1_init_fnc 	adc_init_c.obj 
  000048ca 0002a2 000078ca 00004f7a  2 adc_ctuevent_init_fnc 	adc_init_c.obj 
  00004b6c 000144 00007b6c 0000521c  2 adc_0_channel_setup_fnc 	adc_init_c.obj 
  00004cb0 0000c6 00007cb0 00005360  2 adc_1_channel_setup_fnc 	adc_init_c.obj 
  00004d76 00001e 00007d76 00005426  2 adc_0_trigger_setup_fnc 	adc_init_c.obj 
  00004d94 000026 00007d94 00005444  2 adc_1_trigger_setup_fnc 	adc_init_c.obj 
  00004dba 000000 00007dba 0000546a  1 .text.37 	adc_init_c.obj 
  00004dba 000084 00007dba 0000546a  1 .text 	adc_drv_c.obj 
  UNUSED   00005c ........ ........    A2D_GetSingleCh_12bit adc_drv_c.obj 
  00004dba 000084 00007dba 0000546a  2 A2D_GetSingleCh_10bit 	adc_drv_c.obj 
  UNUSED   00002a ........ ........    A2D_GetChResult_12bit adc_drv_c.obj 
  UNUSED   000030 ........ ........    A2D_GetChResult_10bit adc_drv_c.obj 
  UNUSED   00001c ........ ........    A2D_SetupCh_12bit adc_drv_c.obj 
  UNUSED   00005e ........ ........    A2D_SetupCh_10bit adc_drv_c.obj 
  00004e3e 000000 00007e3e 000054ee  1 .text.66 	adc_drv_c.obj 
  00004e3e 0000b0 00007e3e 000054ee  1 .text 	UART_drv_c.obj 
  00004e3e 0000b0 00007e3e 000054ee  2 UartTxMsg 	UART_drv_c.obj 
  UNUSED   000070 ........ ........    UartRxDataByte UART_drv_c.obj 
  UNUSED   000044 ........ ........    UartRxNewDataSize UART_drv_c.obj 
  UNUSED   00002e ........ ........    UartRxBufEmpty UART_drv_c.obj 
  UNUSED   000018 ........ ........    UartBufInit UART_drv_c.obj 
  UNUSED   0000a2 ........ ........    UartRxFillBuf UART_drv_c.obj 
  00004eee 000000 00007eee 0000559e  1 .text.77 	UART_drv_c.obj 


.rodata section layout
  Starting        Virtual  File
  address  Size   address  offset
  ---------------------------------


.ctors section layout
  Starting        Virtual  File
  address  Size   address  offset
  ---------------------------------


.dtors section layout
  Starting        Virtual  File
  address  Size   address  offset
  ---------------------------------


.sdata2 section layout
  Starting        Virtual  File
  address  Size   address  offset
  ---------------------------------


.sbss2 section layout
  Starting        Virtual  File
  address  Size   address  offset
  ---------------------------------


.data section layout
  Starting        Virtual  File
  address  Size   address  offset
  ---------------------------------
  00000000 00000f 40000000 000055a0  1 .data 	intc_pit_c.obj 
  00000000 00000f 40000000 000055a0  4 @52 	intc_pit_c.obj 
  0000000f 000001 40000010 000055b0  8 *fill*
  00000010 0005a9 40000010 000055b0  1 .data 	core_ai_c.obj 
  00000010 000418 40000010 000055b0  8 atan 	core_ai_c.obj 
  00000428 000168 40000428 000059c8  8 cos_calc_values 	core_ai_c.obj 
  00000590 000011 40000590 00005b30  4 @115 	core_ai_c.obj 
  000005a4 00000c 400005a4 00005b44  4 @118 	core_ai_c.obj 
  000005b0 000009 400005b0 00005b50  4 @119 	core_ai_c.obj 


.j_pdata section layout
  Starting        Virtual  File
  address  Size   address  offset
  ---------------------------------


.sdata section layout
  Starting        Virtual  File
  address  Size   address  offset
  ---------------------------------
  00000000 000006 400005c0 00005b60  1 .sdata 	main_c.obj 
  UNUSED   000008 ........ ........    msgOKCAN main_c.obj 
  UNUSED   000008 ........ ........    msgErrorCAN main_c.obj 
  00000000 000006 400005c0 00005b60  4 @64 	main_c.obj 
  00000006 000002 400005c8 00005b68  8 *fill*
  00000008 000001 400005c8 00005b68  1 .sdata 	intc_pit_c.obj 
  00000008 000001 400005c8 00005b68  1 @LOCAL@sona_sensing__Fv@sona_state 	intc_pit_c.obj 
  00000009 000007 400005d0 00005b70  8 *fill*
  00000010 00000a 400005d0 00005b70  1 .sdata 	core_ai_c.obj 
  00000010 000003 400005d0 00005b70  4 @116 	core_ai_c.obj 
  00000014 000006 400005d4 00005b74  4 @117 	core_ai_c.obj 
  0000001a 000006 400005e0 00005b80  8 *fill*
  00000020 000003 400005e0 00005b80  1 .sdata 	common_c.obj 
  UNUSED   000004 ........ ........    loops_per_sec common_c.obj 
  00000020 000003 400005e0 00005b80  4 @119 	common_c.obj 


.sbss section layout
  Starting        Virtual  File
  address  Size   address  offset
  ---------------------------------
  00000000 000008 400005e8 00005b88  1 .sbss 	sona_sensor_c.obj 
  00000000 000008 400005e8 00005b88  8 sona_sensor 	sona_sensor_c.obj 
  00000008 000008 400005f0 00005b90  1 .sbss 	servo_motor_c.obj 
  00000008 000008 400005f0 00005b90  8 handle_motor 	servo_motor_c.obj 
  00000010 00000c 400005f8 00005b98  1 .sbss 	core_ai_c.obj 
  00000010 000001 400005f8 00005b98  1 danger_level 	core_ai_c.obj 
  00000014 000004 400005fc 00005b9c  4 caution_count 	core_ai_c.obj 
  00000018 000004 40000600 00005ba0  4 @LOCAL@pid_control__Fll@errorSum@0 	core_ai_c.obj 
  UNUSED   000008 ........ ........    sona_sensor core_ai_c.obj 


.bss section layout
  Starting        Virtual  File
  address  Size   address  offset
  ---------------------------------
  00000000 000922 40000608 00005b88  1 .bss 	line_scan_c.obj 
  00000000 000200 40000608 00005b88  8 line_down_point_delta 	line_scan_c.obj 
  00000200 000200 40000808 00005d88  8 line_down_point_buf 	line_scan_c.obj 
  00000400 000200 40000a08 00005f88  8 line_calc_buf 	line_scan_c.obj 
  00000600 000010 40000c08 00006188  8 line_point_value 	line_scan_c.obj 
  00000610 000300 40000c18 00006198  8 line_values 	line_scan_c.obj 
  00000910 000012 40000f18 00006498  4 lineCameras 	line_scan_c.obj 
  00000922 000006 40000f30 000064b0  8 *fill*
  00000928 000030 40000f30 000064b0  1 .bss 	encoder_c.obj 
  00000928 000018 40000f30 000064b0  8 right_encoder 	encoder_c.obj 
  00000940 000018 40000f48 000064c8  8 left_encoder 	encoder_c.obj 
  00000958 000018 40000f60 000064e0  1 .bss 	dc_motor_c.obj 
  00000958 00000c 40000f60 000064e0  4 right_motor 	dc_motor_c.obj 
  00000964 00000c 40000f6c 000064ec  4 left_motor 	dc_motor_c.obj 
  00000970 000028 40000f78 000064f8  1 .bss 	core_ai_c.obj 
  00000970 000028 40000f78 000064f8  8 @LOCAL@pid_control__Fll@preError 	core_ai_c.obj 
  UNUSED   000010 ........ ........    line_point_value core_ai_c.obj 
  UNUSED   000300 ........ ........    line_values core_ai_c.obj 
  UNUSED   000012 ........ ........    lineCameras core_ai_c.obj 
  UNUSED   00000c ........ ........    right_motor core_ai_c.obj 
  UNUSED   00000c ........ ........    left_motor core_ai_c.obj 


.tibss section layout
  Starting        Virtual  File
  address  Size   address  offset
  ---------------------------------


.tidata section layout
  Starting        Virtual  File
  address  Size   address  offset
  ---------------------------------


Memory map:
                       Starting Size     File     ROM      RAM Buffer  S-Record
                       address           Offset   Address  Address     Line
       .__bam_bootarea 00000000 00000008 00000200 00000000 00000000          2
                 .init 00000020 00000000 00000208 00003000 00003000          0
             .init_vle 00000020 00000000 00000208 00000020 00000020          0
        .exec_vect_Vle 00001000 000000f4 00000210 00001000 00001000          3
                .vects 00002000 000003a8 00000308 00002000 00002000         16
             .text_vle 00003000 00004ef0 000006b0 00003000 00003000         63
               .rodata 00007ef0 00000000 000055a0 00007ef0 00007ef0          0
                .ctors 00007ef0 00000000 000055a0 00007ef0 00007ef0          0
                .dtors 00007ef0 00000000 000055a0 00007ef0 00007ef0          0
               .sdata2 00007ef0 00000000 000055a0 00007ef0 00007ef0          0
                .sbss2 00007ef0 00000000 000055a0 00007ef0 00007ef0          0
                 .data 40000000 000005bc 000055a0 00007ef0 00007ef0       1074
                .sdata 400005c0 00000024 00005b60 000084b0 000084b0       1148
                 .sbss 400005e8 0000001c 00005b88 000084d8 000084d8          0
                  .bss 40000608 00000998 00005b88 000084d8 000084d8          0
      .PPC.EMB.apuinfo 0000e408 00000000 00013f90 000168e0 000168e0          0
         .debug_abbrev          0000015d 00005b88
           .debug_info          00004154 00005ce5
        .debug_aranges          00000080 00009e39
           .debug_line          00007148 00009eb9
            .debug_loc          000008d2 00011001
       .debug_pubnames          00000a7e 000118d3


Linker generated symbols:
                   __argv 00003000
                    __env 00003000
               __DATA_ROM 00007ef0
               __DATA_RAM 40000000
               __DATA_END 400005e4
              __BSS_START 400005e4
                __BSS_END 40000fa0
                __SP_INIT 40014000
                 __SP_END 40013000
               __HEAP_END 40013000
            ___HEAP_START 003cfff0
              ___HEAP_END 40013000
               ___SP_INIT 40014000
                ___SP_END 40013000
              ___DATA_ROM 00007ef0
              ___DATA_RAM 40000000
              ___DATA_END 400005e4
             ___BSS_START 400005e4
               ___BSS_END 40000fa0
        _f___bam_bootarea 00000000
    _f___bam_bootarea_rom 00000000
        _e___bam_bootarea 00000008
                  _f_init 00000020
              _f_init_rom 00003000
                  _e_init 00000020
              _f_init_vle 00000020
          _f_init_vle_rom 00000020
              _e_init_vle 00000020
             _f_exec_vect 00001000
         _f_exec_vect_rom 00001000
             _e_exec_vect 00001000
         _f_exec_vect_Vle 00001000
     _f_exec_vect_Vle_rom 00001000
         _e_exec_vect_Vle 000010f4
                 _f_vects 00002000
             _f_vects_rom 00002000
                 _e_vects 000023a8
                  _f_text 00003000
              _f_text_rom 00003000
                  _e_text 00003000
              _f_text_vle 00003000
          _f_text_vle_rom 00003000
              _e_text_vle 00007ef0
                _f_rodata 00007ef0
            _f_rodata_rom 00007ef0
                _e_rodata 00007ef0
                 _f_ctors 00007ef0
             _f_ctors_rom 00007ef0
                 _e_ctors 00007ef0
                 _f_dtors 00007ef0
             _f_dtors_rom 00007ef0
                 _e_dtors 00007ef0
                _f_sdata2 00007ef0
            _f_sdata2_rom 00007ef0
                _e_sdata2 00007ef0
                 _f_sbss2 00007ef0
                 _e_sbss2 00007ef0
                  _f_data 40000000
              _f_data_rom 00007ef0
                  _e_data 400005bc
               _f_j_pdata 400005bc
           _f_j_pdata_rom 000084ac
               _e_j_pdata 400005bc
                 _f_sdata 400005c0
             _f_sdata_rom 000084b0
                 _e_sdata 400005e4
                  _f_sbss 400005e8
                  _e_sbss 40000604
                   _f_bss 40000608
                   _e_bss 40000fa0
                 _f_tibss 40000fa0
             _f_tibss_rom 000084d8
                 _e_tibss 40000fa0
                _f_tidata 40000fa0
            _f_tidata_rom 000084d8
                _e_tidata 40000fa0
              _stack_addr 003dfff0
               _stack_end 003d7ff0
               _heap_addr 003cfff0
                _heap_end 003d7ff0
             _nbfunctions 00000066
           SIZEOF_HEADERS 00000200
               _SDA_BASE_ 400085c0
              _SDA2_BASE_ 0000fef0
           _ABS_SDA_BASE_ 400085c0
          _ABS_SDA2_BASE_ 0000fef0
                 _SP_INIT 003dfff0
             __HEAP_START 003cfff0
              __mem_limit 003d7ff0
           __stack_safety 00000010
