Link map of __start
  1] __start (notype,global) found in crt0_s.obj 
   2] _@DummyFn1 (func,local) found in crt0_s.obj 
    3] __SP_INIT found as linker generated symbol
    3] _SDA_BASE_ found as linker generated symbol
    3] _SDA2_BASE_ found as linker generated symbol
    3] romcopy (func,global) found in romcopy_c.obj 
     4] __DATA_RAM found as linker generated symbol
     4] __DATA_ROM found as linker generated symbol
     4] __DATA_END found as linker generated symbol
     4] __BSS_START found as linker generated symbol
     4] __BSS_END found as linker generated symbol
     4] main (func,global) found in main_c.obj 
      5] DisableExternalInterrupts (func,global) found in rappid_utils_c.obj 
      5] sys_init_fnc (func,global) found in sys_init_c.obj 
       6] intc_init_fnc (func,global) found in intc_init_c.obj 
        7] IntcIsrVectorTable (object,global) found in intc_sw_vecttable_c.obj 
         8] interrupt_handler (func,global) found in intc_sw_vecttable_c.obj 
         8] siu_external_irq_0 (func,global) found in external_interrupt_c.obj 
          9] pin_read (func,global) found in gpio_drv_c.obj 
          9] start (func,global) found in common_c.obj 
           10] @223 (object,local) found in common_c.obj 
           10] sys_log (func,global) found in common_c.obj 
            11] println (func,global) found in common_c.obj 
             12] print (func,global) found in common_c.obj 
              13] UartTxMsg (func,global) found in UART_drv_c.obj 
             12] @126 (object,local) found in common_c.obj 
           10] is_start (object,local) found in common_c.obj 
           10] make_avg_black (func,global) found in line_scan_c.obj 
            11] line_max_min_table (object,local) found in line_scan_c.obj 
            11] avg_black (object,global) found in line_scan_c.obj 
          9] @50 (object,local) found in external_interrupt_c.obj 
          9] get_draw_line_select (func,global) found in intc_pit_c.obj 
           10] line_draw_select (object,local) found in intc_pit_c.obj 
          9] set_glcd_draw_select (func,global) found in intc_pit_c.obj 
          9] @51 (object,local) found in external_interrupt_c.obj 
         8] line_sensing (func,global) found in intc_pit_c.obj 
         8] sona_sensing (func,global) found in intc_pit_c.obj 
          9] @LOCAL@sona_sensing__Fv@sona_state (object,local) found in intc_pit_c.obj 
          9] sona_sensor_send_echo (func,global) found in sona_sensor_c.obj 
           10] sona_sensor (object,local) found in sona_sensor_c.obj 
           10] writePin (func,global) found in common_c.obj 
            11] GPIO_SetState (func,global) found in gpio_drv_c.obj 
          9] sona_sensor_end_echo (func,global) found in sona_sensor_c.obj 
          9] sona_sensor_get_pulse_width (func,global) found in sona_sensor_c.obj 
          9] i_to_s_cnt (func,global) found in common_c.obj 
           10] pow (func,global) found in common_c.obj 
         8] ai_control (func,global) found in intc_pit_c.obj 
          9] line_scan (func,global) found in line_scan_c.obj 
           10] lineCameras (object,local) found in line_scan_c.obj 
           10] line_values (object,local) found in line_scan_c.obj 
           10] A2D_GetSingleCh_10bit (func,global) found in adc_drv_c.obj 
           10] is_started (func,global) found in common_c.obj 
          9] line_calc (func,global) found in line_scan_c.obj 
           10] need_speed_down (object,local) found in line_scan_c.obj 
           10] line_point_value (object,local) found in line_scan_c.obj 
          9] boost_up_mode (object,local) found in intc_pit_c.obj 
          9] line_scan_draw_in_glcd (func,global) found in line_scan_c.obj 
           10] line_values_get_index (func,global) found in line_scan_c.obj 
           10] line_values_get_detected (func,global) found in line_scan_c.obj 
           10] setpixel (func,global) found in st7565_c.obj 
            11] st7565_buffer (object,global) found in st7565_c.obj 
            11] updateBoundingBox (func,global) found in st7565_c.obj 
           10] glcd_display (func,global) found in st7565_c.obj 
            11] pagemap (object,global) found in st7565_c.obj 
            11] st7565_command (func,global) found in st7565_c.obj 
            11] st7565_data (func,global) found in st7565_c.obj 
          9] check_bluetooth (func,global) found in intc_pit_c.obj 
           10] @LOCAL@check_bluetooth__Fv@servo (object,local) found in intc_pit_c.obj 
           10] UartRxFillBuf (func,global) found in UART_drv_c.obj 
            11] UARTBuf (object,global) found in UART_drv_c.obj 
           10] UartRxBufEmpty (func,global) found in UART_drv_c.obj 
           10] UartRxDataByte (func,global) found in UART_drv_c.obj 
           10] @144 (object,local) found in intc_pit_c.obj 
           10] @139 (object,local) found in intc_pit_c.obj 
           10] get_kp (func,global) found in core_ai_c.obj 
            11] kp (object,local) found in core_ai_c.obj 
           10] set_ki (func,global) found in core_ai_c.obj 
            11] ki (object,local) found in core_ai_c.obj 
           10] set_kd (func,global) found in core_ai_c.obj 
            11] kd (object,local) found in core_ai_c.obj 
           10] @140 (object,local) found in intc_pit_c.obj 
           10] get_ki (func,global) found in core_ai_c.obj 
           10] @141 (object,local) found in intc_pit_c.obj 
           10] get_kd (func,global) found in core_ai_c.obj 
           10] @142 (object,local) found in intc_pit_c.obj 
           10] set_ref_speed (func,global) found in core_ai_c.obj 
            11] _ref_speed (object,local) found in core_ai_c.obj 
           10] get_ref_speed (func,global) found in core_ai_c.obj 
           10] @143 (object,local) found in intc_pit_c.obj 
          9] core_ai_think (func,global) found in core_ai_c.obj 
           10] danger_level (object,local) found in core_ai_c.obj 
           10] clear_log_screen (func,global) found in common_c.obj 
            11] @213 (object,local) found in common_c.obj 
            11] @214 (object,local) found in common_c.obj 
           10] encoder_read_left (func,global) found in encoder_c.obj 
            11] left_encoder (object,local) found in encoder_c.obj 
            11] Encoder_read (func,global) found in encoder_c.obj 
             12] readPin (func,global) found in common_c.obj 
              13] GPIO_GetState (func,global) found in gpio_drv_c.obj 
           10] encoder_read_right (func,global) found in encoder_c.obj 
            11] right_encoder (object,local) found in encoder_c.obj 
           10] get_left_encoder (func,global) found in encoder_c.obj 
           10] get_right_encoder (func,global) found in encoder_c.obj 
           10] sona_sensor_get (func,global) found in sona_sensor_c.obj 
           10] @167 (object,local) found in core_ai_c.obj 
           10] @168 (object,local) found in core_ai_c.obj 
           10] @169 (object,local) found in core_ai_c.obj 
           10] is_need_to_speed_down (func,global) found in line_scan_c.obj 
           10] servo_get_current_angle (func,global) found in servo_motor_c.obj 
            11] handle_motor (object,local) found in servo_motor_c.obj 
           10] @170 (object,local) found in core_ai_c.obj 
           10] @171 (object,local) found in core_ai_c.obj 
           10] cos_calc_values (object,local) found in core_ai_c.obj 
           10] @172 (object,local) found in core_ai_c.obj 
           10] @173 (object,local) found in core_ai_c.obj 
           10] dc_motor_left_set_duty_rate (func,global) found in dc_motor_c.obj 
            11] left_motor (object,local) found in dc_motor_c.obj 
            11] Motor_set_speed (func,global) found in dc_motor_c.obj 
           10] dc_motor_right_set_duty_rate (func,global) found in dc_motor_c.obj 
            11] right_motor (object,local) found in dc_motor_c.obj 
           10] servo_motor_move (func,global) found in servo_motor_c.obj 
            11] ServoMotor_rotate (func,global) found in servo_motor_c.obj 
         8] utility_proccess (func,global) found in intc_pit_c.obj 
        7] en_int_fnc (func,global) found in intc_init_c.obj 
       6] IVPRInitialize (notype,global) found in rappid_func_s.obj 
        7] _@DummyFn1 (func,local) found in rappid_func_s.obj 
         8] IVORxHandlers (notype,global) found in excep_handler_s.obj 
          9] _@DummyFn1 (func,local) found in excep_handler_s.obj 
           10] .text_vle (section,local) found in excep_handler_s.obj 
            11] IVOR0Handler (notype,global) found in excep_handler_s.obj 
            11] IVOR1Handler (notype,global) found in excep_handler_s.obj 
            11] IVOR2Handler (notype,global) found in excep_handler_s.obj 
            11] IVOR3Handler (notype,global) found in excep_handler_s.obj 
            11] IVOR5Handler (notype,global) found in excep_handler_s.obj 
            11] IVOR6Handler (notype,global) found in excep_handler_s.obj 
            11] IVOR8Handler (notype,global) found in excep_handler_s.obj 
            11] IVOR15Handler (notype,global) found in excep_handler_s.obj 
            11] default_except_handler (notype,global) found in excep_handler_s.obj 
            11] .text_vle (section,local) found in excep_handler_s.obj 
           10] IVOR4Handler (notype,global) found in sw_handlers_s.obj 
            11] _@DummyFn1 (func,local) found in sw_handlers_s.obj 
            11] .text_vle (section,local) found in sw_handlers_s.obj 
          9] .exec_vect_Vle (section,local) found in excep_handler_s.obj 
        7] .text_vle (section,local) found in rappid_func_s.obj 
       6] swt_init_fnc (func,global) found in swt_init_c.obj 
       6] sysclk_module_init_fnc (func,global) found in sysclk_init_c.obj 
        7] mode_entry_init_fnc (func,global) found in sysclk_init_c.obj 
        7] sysclk_init_fnc (func,global) found in sysclk_init_c.obj 
        7] cmu_init_fnc (func,global) found in sysclk_init_c.obj 
       6] rtc_init_fnc (func,global) found in rtc_init_c.obj 
       6] stm_init_fnc (func,global) found in stm_init_c.obj 
       6] pit_init_fnc (func,global) found in pit_init_c.obj 
       6] flexcan_init_fnc (func,global) found in flexcan_init_c.obj 
        7] flexcan_0_init_fnc (func,global) found in flexcan_init_c.obj 
        7] flexcan_1_init_fnc (func,global) found in flexcan_init_c.obj 
        7] flexcan_2_init_fnc (func,global) found in flexcan_init_c.obj 
        7] flexcan_3_init_fnc (func,global) found in flexcan_init_c.obj 
        7] flexcan_4_init_fnc (func,global) found in flexcan_init_c.obj 
        7] flexcan_5_init_fnc (func,global) found in flexcan_init_c.obj 
       6] adc_init_fnc (func,global) found in adc_init_c.obj 
        7] adc_0_init_fnc (func,global) found in adc_init_c.obj 
         8] adc_0_channel_setup_fnc (func,global) found in adc_init_c.obj 
         8] adc_0_trigger_setup_fnc (func,global) found in adc_init_c.obj 
        7] adc_1_init_fnc (func,global) found in adc_init_c.obj 
         8] adc_1_channel_setup_fnc (func,global) found in adc_init_c.obj 
         8] adc_1_trigger_setup_fnc (func,global) found in adc_init_c.obj 
        7] adc_ctuevent_init_fnc (func,global) found in adc_init_c.obj 
       6] emios_init_fnc (func,global) found in emios_init_c.obj 
        7] emios_0_init_fnc (func,global) found in emios_init_c.obj 
        7] emios_1_init_fnc (func,global) found in emios_init_c.obj 
       6] dspi_init_fnc (func,global) found in dspi_init_c.obj 
        7] dspi0_init_fnc (func,global) found in dspi_init_c.obj 
        7] dspi1_init_fnc (func,global) found in dspi_init_c.obj 
        7] dspi2_init_fnc (func,global) found in dspi_init_c.obj 
        7] dspi3_init_fnc (func,global) found in dspi_init_c.obj 
        7] dspi4_init_fnc (func,global) found in dspi_init_c.obj 
       6] linflex_init_fnc (func,global) found in linflex_init_c.obj 
        7] linflex0_init_fnc (func,global) found in linflex_init_c.obj 
        7] linflex1_init_fnc (func,global) found in linflex_init_c.obj 
        7] linflex2_init_fnc (func,global) found in linflex_init_c.obj 
        7] linflex3_init_fnc (func,global) found in linflex_init_c.obj 
        7] linflex4_init_fnc (func,global) found in linflex_init_c.obj 
        7] linflex5_init_fnc (func,global) found in linflex_init_c.obj 
       6] mode_entry_post_config_fnc (func,global) found in sysclk_init_c.obj 
       6] siu_init_fnc (func,global) found in siu_init_c.obj 
        7] siu_portA_init_fnc (func,global) found in siu_init_c.obj 
        7] siu_portB_init_fnc (func,global) found in siu_init_c.obj 
        7] siu_portC_init_fnc (func,global) found in siu_init_c.obj 
        7] siu_portD_init_fnc (func,global) found in siu_init_c.obj 
        7] siu_portE_init_fnc (func,global) found in siu_init_c.obj 
        7] siu_portF_init_fnc (func,global) found in siu_init_c.obj 
        7] siu_portG_init_fnc (func,global) found in siu_init_c.obj 
        7] siu_portH_init_fnc (func,global) found in siu_init_c.obj 
        7] siu_general_init_fnc (func,global) found in siu_init_c.obj 
        7] siu_parallel_port_init_fnc (func,global) found in siu_init_c.obj 
        7] siu_unused_pins_init_fnc (func,global) found in siu_init_c.obj 
        7] siu_psmi_init_fnc (func,global) found in siu_init_c.obj 
      5] @99 (object,local) found in main_c.obj 
      5] glcd_begin (func,global) found in st7565_c.obj 
       6] st7565_init (func,global) found in st7565_c.obj 
        7] sdelay (func,global) found in common_c.obj 
         8] mdelay (func,global) found in common_c.obj 
          9] loops_per_sec (object,global) found in common_c.obj 
       6] st7565_set_brightness (func,global) found in st7565_c.obj 
       6] backLightControl (func,global) found in st7565_c.obj 
      5] glcd_clear_screen (func,global) found in st7565_c.obj 
      5] dc_motor_init (func,global) found in dc_motor_c.obj 
       6] Motor_init (func,global) found in dc_motor_c.obj 
      5] encoder_init (func,global) found in encoder_c.obj 
       6] Encoder_init (func,global) found in encoder_c.obj 
      5] line_scan_init (func,global) found in line_scan_c.obj 
       6] LineCamera_init (func,global) found in line_scan_c.obj 
      5] servo_motor_init (func,global) found in servo_motor_c.obj 
       6] ServoMotor_init (func,global) found in servo_motor_c.obj 
      5] sona_sensor_init (func,global) found in sona_sensor_c.obj 
      5] EnableExternalInterrupts (func,global) found in rappid_utils_c.obj 
   2] .text_vle (section,local) found in crt0_s.obj 
  1] bam_rchw (object,global) found in rchw_init_c.obj 
  1] bam_resetvector (object,global) found in rchw_init_c.obj 
    3] .text (section,local) found in sysclk_init_c.obj 
    3] .text.65 (notype,local) found in sysclk_init_c.obj 
    3] .text (section,local) found in sys_init_c.obj 
    3] .text.11 (notype,local) found in sys_init_c.obj 
    3] .text (section,local) found in swt_init_c.obj 
    3] .text.29 (notype,local) found in swt_init_c.obj 
    3] .text (section,local) found in stm_init_c.obj 
    3] .text.9 (notype,local) found in stm_init_c.obj 
    3] .text (section,local) found in st7565_c.obj 
    3] .text.184 (notype,local) found in st7565_c.obj 
    3] .text (section,local) found in sona_sensor_c.obj 
    3] .text.52 (notype,local) found in sona_sensor_c.obj 
    3] .text (section,local) found in siu_init_c.obj 
    3] .text.57 (notype,local) found in siu_init_c.obj 
    3] .text (section,local) found in servo_motor_c.obj 
    3] .text.81 (notype,local) found in servo_motor_c.obj 
    3] .text (section,local) found in rtc_init_c.obj 
    3] .text.9 (notype,local) found in rtc_init_c.obj 
    3] .text (section,local) found in romcopy_c.obj 
    3] .text.34 (notype,local) found in romcopy_c.obj 
    3] .text (section,local) found in rappid_utils_c.obj 
    3] .text.29 (notype,local) found in rappid_utils_c.obj 
    3] .text (section,local) found in pit_init_c.obj 
    3] .text.32 (notype,local) found in pit_init_c.obj 
    3] .text (section,local) found in main_c.obj 
    3] .text.115 (notype,local) found in main_c.obj 
    3] .text (section,local) found in linflex_init_c.obj 
    3] .text.33 (notype,local) found in linflex_init_c.obj 
    3] .text (section,local) found in line_scan_c.obj 
    3] .text.246 (notype,local) found in line_scan_c.obj 
    3] .text (section,local) found in intc_sw_vecttable_c.obj 
    3] .text.34 (notype,local) found in intc_sw_vecttable_c.obj 
    3] .text (section,local) found in intc_pit_c.obj 
    3] .text.173 (notype,local) found in intc_pit_c.obj 
    3] .text (section,local) found in intc_init_c.obj 
    3] .text.19 (notype,local) found in intc_init_c.obj 
    3] .text (section,local) found in gpio_drv_c.obj 
    3] .text.29 (notype,local) found in gpio_drv_c.obj 
    3] .text (section,local) found in flexcan_init_c.obj 
    3] .text.196 (notype,local) found in flexcan_init_c.obj 
    3] .text (section,local) found in external_interrupt_c.obj 
    3] .text.65 (notype,local) found in external_interrupt_c.obj 
    3] .text (section,local) found in encoder_c.obj 
    3] .text.82 (notype,local) found in encoder_c.obj 
    3] .text (section,local) found in emios_init_c.obj 
    3] .text.40 (notype,local) found in emios_init_c.obj 
    3] .text (section,local) found in dspi_init_c.obj 
    3] .text.29 (notype,local) found in dspi_init_c.obj 
    3] .text (section,local) found in dc_motor_c.obj 
    3] .text.73 (notype,local) found in dc_motor_c.obj 
    3] .text (section,local) found in core_ai_c.obj 
    3] .text.210 (notype,local) found in core_ai_c.obj 
    3] .text (section,local) found in common_c.obj 
    3] .text.245 (notype,local) found in common_c.obj 
    3] .text (section,local) found in adc_init_c.obj 
    3] .text.37 (notype,local) found in adc_init_c.obj 
    3] .text (section,local) found in adc_drv_c.obj 
    3] .text.66 (notype,local) found in adc_drv_c.obj 
    3] .text (section,local) found in UART_drv_c.obj 
    3] .text.77 (notype,local) found in UART_drv_c.obj 


.__bam_bootarea section layout
  Starting        Virtual  File
  address  Size   address  offset
  ---------------------------------
  00000000 000008 00000000 00000240  1 .__bam_bootarea 	rchw_init_c.obj 
  00000000 000004 00000000 00000240  4 bam_rchw 	rchw_init_c.obj 
  00000004 000004 00000004 00000244  4 bam_resetvector 	rchw_init_c.obj 


.init section layout
  Starting        Virtual  File
  address  Size   address  offset
  ---------------------------------


.init_vle section layout
  Starting        Virtual  File
  address  Size   address  offset
  ---------------------------------


.exec_vect section layout
  Starting        Virtual  File
  address  Size   address  offset
  ---------------------------------


.exec_vect_Vle section layout
  Starting        Virtual  File
  address  Size   address  offset
  ---------------------------------
  00000000 0000f4 00001000 00000250  1 .exec_vect_Vle 	excep_handler_s.obj 
  00000000 0000f4 00001000 00000250  4 _@DummyFn1 	excep_handler_s.obj 
  00000000 000000 00001000 00000250    IVORxHandlers (entry of .exec_vect_Vle) 	excep_handler_s.obj 


.vects section layout
  Starting        Virtual  File
  address  Size   address  offset
  ---------------------------------
  00000000 0003a8 00002000 00000348  1 .vects 	intc_sw_vecttable_c.obj 
  00000000 0003a8 00002000 00000348  8 IntcIsrVectorTable 	intc_sw_vecttable_c.obj 


.text section layout
  Starting        Virtual  File
  address  Size   address  offset
  ---------------------------------


.text_vle section layout
  Starting        Virtual  File
  address  Size   address  offset
  ---------------------------------
  00000000 0000c0 00003000 000006f0  1 .text_vle 	sw_handlers_s.obj 
  00000000 0000c0 00003000 000006f0  4 _@DummyFn1 	sw_handlers_s.obj 
  00000000 000000 00003000 000006f0    IVOR4Handler (entry of .text_vle) 	sw_handlers_s.obj 
  000000c0 00000e 000030c0 000007b0  1 .text_vle 	rappid_func_s.obj 
  000000c0 00000e 000030c0 000007b0  4 _@DummyFn1 	rappid_func_s.obj 
  000000c0 000000 000030c0 000007b0    IVPRInitialize (entry of .text_vle) 	rappid_func_s.obj 
  000000ce 000002 000030d0 000007c0  4 *fill*
  000000d0 000050 000030d0 000007c0  1 .text_vle 	excep_handler_s.obj 
  000000d0 000000 000030d0 000007c0    IVOR0Handler (entry of .text_vle) 	excep_handler_s.obj 
  000000da 000000 000030da 000007ca    IVOR1Handler (entry of .text_vle) 	excep_handler_s.obj 
  000000e4 000000 000030e4 000007d4    IVOR2Handler (entry of .text_vle) 	excep_handler_s.obj 
  000000ee 000000 000030ee 000007de    IVOR3Handler (entry of .text_vle) 	excep_handler_s.obj 
  000000f8 000000 000030f8 000007e8    IVOR5Handler (entry of .text_vle) 	excep_handler_s.obj 
  00000102 000000 00003102 000007f2    IVOR6Handler (entry of .text_vle) 	excep_handler_s.obj 
  0000010c 000000 0000310c 000007fc    IVOR8Handler (entry of .text_vle) 	excep_handler_s.obj 
  00000116 000000 00003116 00000806    IVOR15Handler (entry of .text_vle) 	excep_handler_s.obj 
  00000120 000000 00003120 00000810    default_except_handler (entry of .text_vle) 	excep_handler_s.obj 
  00000120 000054 00003120 00000810  1 .text_vle 	crt0_s.obj 
  00000120 000054 00003120 00000810  4 _@DummyFn1 	crt0_s.obj 
  00000120 000000 00003120 00000810    __start (entry of .text_vle) 	crt0_s.obj 
  00000174 0004dc 00003174 00000864  1 .text 	sysclk_init_c.obj 
  00000174 00001c 00003174 00000864  2 sysclk_module_init_fnc 	sysclk_init_c.obj 
  00000190 00025a 00003190 00000880  2 mode_entry_init_fnc 	sysclk_init_c.obj 
  000003ea 00017c 000033ea 00000ada  2 sysclk_init_fnc 	sysclk_init_c.obj 
  00000566 00002a 00003566 00000c56  2 cmu_init_fnc 	sysclk_init_c.obj 
  00000590 0000c0 00003590 00000c80  2 mode_entry_post_config_fnc 	sysclk_init_c.obj 
  00000650 000000 00003650 00000d40  1 .text.65 	sysclk_init_c.obj 
  00000650 00004e 00003650 00000d40  1 .text 	sys_init_c.obj 
  00000650 00004e 00003650 00000d40  2 sys_init_fnc 	sys_init_c.obj 
  0000069e 000000 0000369e 00000d8e  1 .text.11 	sys_init_c.obj 
  0000069e 0000c8 0000369e 00000d8e  1 .text 	swt_init_c.obj 
  0000069e 0000c8 0000369e 00000d8e  2 swt_init_fnc 	swt_init_c.obj 
  UNUSED   000032 ........ ........    swt_srvc_seq_fnc swt_init_c.obj 
  00000766 000000 00003766 00000e56  1 .text.29 	swt_init_c.obj 
  00000766 0000a8 00003766 00000e56  1 .text 	stm_init_c.obj 
  00000766 0000a8 00003766 00000e56  2 stm_init_fnc 	stm_init_c.obj 
  0000080e 000000 0000380e 00000efe  1 .text.9 	stm_init_c.obj 
  0000080e 000524 0000380e 00000efe  1 .text 	st7565_c.obj 
  0000080e 000044 0000380e 00000efe  2 glcd_begin 	st7565_c.obj 
  00000852 00010a 00003852 00000f42  2 st7565_init 	st7565_c.obj 
  0000095c 0000cc 0000395c 0000104c  2 st7565_command 	st7565_c.obj 
  00000a28 0000ca 00003a28 00001118  2 st7565_data 	st7565_c.obj 
  00000af2 00002e 00003af2 000011e2  2 st7565_set_brightness 	st7565_c.obj 
  00000b20 000040 00003b20 00001210  2 glcd_clear_screen 	st7565_c.obj 
  00000b60 0000a0 00003b60 00001250  2 glcd_display 	st7565_c.obj 
  00000c00 000002 00003c00 000012f0  2 updateBoundingBox 	st7565_c.obj 
  00000c02 0000de 00003c02 000012f2  2 setpixel 	st7565_c.obj 
  UNUSED   000080 ........ ........    testdrawchar st7565_c.obj 
  00000ce0 000052 00003ce0 000013d0  2 backLightControl 	st7565_c.obj 
  00000d32 000000 00003d32 00001422  1 .text.184 	st7565_c.obj 
  00000d32 000110 00003d32 00001422  1 .text 	sona_sensor_c.obj 
  00000d32 00001a 00003d32 00001422  2 sona_sensor_init 	sona_sensor_c.obj 
  00000d4c 00002c 00003d4c 0000143c  2 sona_sensor_send_echo 	sona_sensor_c.obj 
  00000d78 00001e 00003d78 00001468  2 sona_sensor_end_echo 	sona_sensor_c.obj 
  00000d96 0000a2 00003d96 00001486  2 sona_sensor_get_pulse_width 	sona_sensor_c.obj 
  00000e38 00000a 00003e38 00001528  2 sona_sensor_get 	sona_sensor_c.obj 
  00000e42 000000 00003e42 00001532  1 .text.52 	sona_sensor_c.obj 
  00000e42 0009a6 00003e42 00001532  1 .text 	siu_init_c.obj 
  00000e42 000040 00003e42 00001532  2 siu_init_fnc 	siu_init_c.obj 
  00000e82 0000bc 00003e82 00001572  2 siu_portA_init_fnc 	siu_init_c.obj 
  00000f3e 0000b0 00003f3e 0000162e  2 siu_portB_init_fnc 	siu_init_c.obj 
  00000fee 0000b4 00003fee 000016de  2 siu_portC_init_fnc 	siu_init_c.obj 
  000010a2 00009c 000040a2 00001792  2 siu_portD_init_fnc 	siu_init_c.obj 
  0000113e 0000b0 0000413e 0000182e  2 siu_portE_init_fnc 	siu_init_c.obj 
  000011ee 0000a2 000041ee 000018de  2 siu_portF_init_fnc 	siu_init_c.obj 
  00001290 0000ac 00004290 00001980  2 siu_portG_init_fnc 	siu_init_c.obj 
  0000133c 00007c 0000433c 00001a2c  2 siu_portH_init_fnc 	siu_init_c.obj 
  000013b8 000178 000043b8 00001aa8  2 siu_general_init_fnc 	siu_init_c.obj 
  00001530 000052 00004530 00001c20  2 siu_parallel_port_init_fnc 	siu_init_c.obj 
  00001582 000002 00004582 00001c72  2 siu_unused_pins_init_fnc 	siu_init_c.obj 
  00001584 000264 00004584 00001c74  2 siu_psmi_init_fnc 	siu_init_c.obj 
  000017e8 000000 000047e8 00001ed8  1 .text.57 	siu_init_c.obj 
  000017e8 000102 000047e8 00001ed8  1 .text 	servo_motor_c.obj 
  000017e8 00001c 000047e8 00001ed8  2 servo_motor_init 	servo_motor_c.obj 
  00001804 000024 00004804 00001ef4  2 servo_motor_move 	servo_motor_c.obj 
  00001828 000006 00004828 00001f18  2 servo_get_current_angle 	servo_motor_c.obj 
  0000182e 000008 0000482e 00001f1e  2 ServoMotor_init 	servo_motor_c.obj 
  00001836 0000b4 00004836 00001f26  2 ServoMotor_rotate 	servo_motor_c.obj 
  000018ea 000000 000048ea 00001fda  1 .text.81 	servo_motor_c.obj 
  000018ea 000030 000048ea 00001fda  1 .text 	rtc_init_c.obj 
  000018ea 000030 000048ea 00001fda  2 rtc_init_fnc 	rtc_init_c.obj 
  0000191a 000000 0000491a 0000200a  1 .text.9 	rtc_init_c.obj 
  0000191a 0000ae 0000491a 0000200a  1 .text 	romcopy_c.obj 
  0000191a 0000ae 0000491a 0000200a  2 romcopy 	romcopy_c.obj 
  000019c8 000000 000049c8 000020b8  1 .text.34 	romcopy_c.obj 
  000019c8 00000c 000049c8 000020b8  1 .text 	rappid_utils_c.obj 
  000019c8 000006 000049c8 000020b8  2 EnableExternalInterrupts 	rappid_utils_c.obj 
  000019ce 000006 000049ce 000020be  2 DisableExternalInterrupts 	rappid_utils_c.obj 
  UNUSED   000016 ........ ........    fs_clearmem rappid_utils_c.obj 
  000019d4 000000 000049d4 000020c4  1 .text.29 	rappid_utils_c.obj 
  000019d4 000194 000049d4 000020c4  1 .text 	pit_init_c.obj 
  000019d4 000194 000049d4 000020c4  2 pit_init_fnc 	pit_init_c.obj 
  00001b68 000000 00004b68 00002258  1 .text.32 	pit_init_c.obj 
  00001b68 0000a2 00004b68 00002258  1 .text 	main_c.obj 
  00001b68 0000a2 00004b68 00002258  2 main 	main_c.obj 
  00001c0a 000000 00004c0a 000022fa  1 .text.115 	main_c.obj 
  00001c0a 000514 00004c0a 000022fa  1 .text 	linflex_init_c.obj 
  00001c0a 000028 00004c0a 000022fa  2 linflex_init_fnc 	linflex_init_c.obj 
  00001c32 000164 00004c32 00002322  2 linflex0_init_fnc 	linflex_init_c.obj 
  00001d96 0000ca 00004d96 00002486  2 linflex1_init_fnc 	linflex_init_c.obj 
  00001e60 0000b6 00004e60 00002550  2 linflex2_init_fnc 	linflex_init_c.obj 
  00001f16 0000b6 00004f16 00002606  2 linflex3_init_fnc 	linflex_init_c.obj 
  00001fcc 00009c 00004fcc 000026bc  2 linflex4_init_fnc 	linflex_init_c.obj 
  00002068 0000b6 00005068 00002758  2 linflex5_init_fnc 	linflex_init_c.obj 
  0000211e 000000 0000511e 0000280e  1 .text.33 	linflex_init_c.obj 
  0000211e 00071c 0000511e 0000280e  1 .text 	line_scan_c.obj 
  0000211e 000008 0000511e 0000280e  2 LineCamera_init 	line_scan_c.obj 
  00002126 0000d0 00005126 00002816  2 line_scan_init 	line_scan_c.obj 
  000021f6 0000f0 000051f6 000028e6  2 line_calc 	line_scan_c.obj 
  000022e6 000392 000052e6 000029d6  2 line_scan 	line_scan_c.obj 
  00002678 000012 00005678 00002d68  2 line_values_get_index 	line_scan_c.obj 
  0000268a 000012 0000568a 00002d7a  2 line_values_get_detected 	line_scan_c.obj 
  0000269c 0000b6 0000569c 00002d8c  2 line_scan_draw_in_glcd 	line_scan_c.obj 
  00002752 000006 00005752 00002e42  2 is_need_to_speed_down 	line_scan_c.obj 
  00002758 0000e2 00005758 00002e48  2 make_avg_black 	line_scan_c.obj 
  UNUSED   000006 ........ ........    get_avg_black line_scan_c.obj 
  0000283a 000000 0000583a 00002f2a  1 .text.246 	line_scan_c.obj 
  0000283a 000002 0000583a 00002f2a  1 .text 	intc_sw_vecttable_c.obj 
  0000283a 000002 0000583a 00002f2a  2 interrupt_handler 	intc_sw_vecttable_c.obj 
  0000283c 000000 0000583c 00002f2c  1 .text.34 	intc_sw_vecttable_c.obj 
  0000283c 000398 0000583c 00002f2c  1 .text 	intc_pit_c.obj 
  0000283c 00000c 0000583c 00002f2c  2 line_sensing 	intc_pit_c.obj 
  00002848 0000f2 00005848 00002f38  2 sona_sensing 	intc_pit_c.obj 
  0000293a 000052 0000593a 0000302a  2 ai_control 	intc_pit_c.obj 
  0000298c 00001e 0000598c 0000307c  2 utility_proccess 	intc_pit_c.obj 
  000029aa 00021e 000059aa 0000309a  2 check_bluetooth 	intc_pit_c.obj 
  00002bc8 000006 00005bc8 000032b8  2 get_draw_line_select 	intc_pit_c.obj 
  00002bce 000006 00005bce 000032be  2 set_glcd_draw_select 	intc_pit_c.obj 
  00002bd4 000000 00005bd4 000032c4  1 .text.173 	intc_pit_c.obj 
  00002bd4 000760 00005bd4 000032c4  1 .text 	intc_init_c.obj 
  00002bd4 000756 00005bd4 000032c4  2 intc_init_fnc 	intc_init_c.obj 
  0000332a 00000a 0000632a 00003a1a  2 en_int_fnc 	intc_init_c.obj 
  00003334 000000 00006334 00003a24  1 .text.19 	intc_init_c.obj 
  00003334 00006a 00006334 00003a24  1 .text 	gpio_drv_c.obj 
  00003334 000026 00006334 00003a24  2 GPIO_GetState 	gpio_drv_c.obj 
  0000335a 000026 0000635a 00003a4a  2 pin_read 	gpio_drv_c.obj 
  00003380 00001e 00006380 00003a70  2 GPIO_SetState 	gpio_drv_c.obj 
  UNUSED   00001e ........ ........    pin_write gpio_drv_c.obj 
  0000339e 000000 0000639e 00003a8e  1 .text.29 	gpio_drv_c.obj 
  0000339e 000a38 0000639e 00003a8e  1 .text 	flexcan_init_c.obj 
  0000339e 00005a 0000639e 00003a8e  2 flexcan_init_fnc 	flexcan_init_c.obj 
  000033f8 00017e 000063f8 00003ae8  2 flexcan_0_init_fnc 	flexcan_init_c.obj 
  00003576 0001ba 00006576 00003c66  2 flexcan_1_init_fnc 	flexcan_init_c.obj 
  00003730 0001b8 00006730 00003e20  2 flexcan_2_init_fnc 	flexcan_init_c.obj 
  000038e8 0001b8 000068e8 00003fd8  2 flexcan_3_init_fnc 	flexcan_init_c.obj 
  00003aa0 00017e 00006aa0 00004190  2 flexcan_4_init_fnc 	flexcan_init_c.obj 
  00003c1e 0001b8 00006c1e 0000430e  2 flexcan_5_init_fnc 	flexcan_init_c.obj 
  00003dd6 000000 00006dd6 000044c6  1 .text.196 	flexcan_init_c.obj 
  00003dd6 0000aa 00006dd6 000044c6  1 .text 	external_interrupt_c.obj 
  00003dd6 0000aa 00006dd6 000044c6  2 siu_external_irq_0 	external_interrupt_c.obj 
  00003e80 000000 00006e80 00004570  1 .text.65 	external_interrupt_c.obj 
  00003e80 00016e 00006e80 00004570  1 .text 	encoder_c.obj 
  00003e80 00001a 00006e80 00004570  2 Encoder_init 	encoder_c.obj 
  00003e9a 000078 00006e9a 0000458a  2 Encoder_read 	encoder_c.obj 
  00003f12 000040 00006f12 00004602  2 encoder_init 	encoder_c.obj 
  00003f52 000024 00006f52 00004642  2 encoder_read_left 	encoder_c.obj 
  00003f76 000024 00006f76 00004666  2 encoder_read_right 	encoder_c.obj 
  00003f9a 00002a 00006f9a 0000468a  2 get_left_encoder 	encoder_c.obj 
  00003fc4 00002a 00006fc4 000046b4  2 get_right_encoder 	encoder_c.obj 
  00003fee 000000 00006fee 000046de  1 .text.82 	encoder_c.obj 
  00003fee 000a12 00006fee 000046de  1 .text 	emios_init_c.obj 
  00003fee 000018 00006fee 000046de  2 emios_init_fnc 	emios_init_c.obj 
  00004006 000534 00007006 000046f6  2 emios_0_init_fnc 	emios_init_c.obj 
  0000453a 0004c6 0000753a 00004c2a  2 emios_1_init_fnc 	emios_init_c.obj 
  00004a00 000000 00007a00 000050f0  1 .text.40 	emios_init_c.obj 
  00004a00 000324 00007a00 000050f0  1 .text 	dspi_init_c.obj 
  00004a00 000024 00007a00 000050f0  2 dspi_init_fnc 	dspi_init_c.obj 
  00004a24 000086 00007a24 00005114  2 dspi0_init_fnc 	dspi_init_c.obj 
  00004aaa 0000a8 00007aaa 0000519a  2 dspi1_init_fnc 	dspi_init_c.obj 
  00004b52 0000a6 00007b52 00005242  2 dspi2_init_fnc 	dspi_init_c.obj 
  00004bf8 0000a6 00007bf8 000052e8  2 dspi3_init_fnc 	dspi_init_c.obj 
  00004c9e 000086 00007c9e 0000538e  2 dspi4_init_fnc 	dspi_init_c.obj 
  00004d24 000000 00007d24 00005414  1 .text.29 	dspi_init_c.obj 
  00004d24 0000e8 00007d24 00005414  1 .text 	dc_motor_c.obj 
  00004d24 000014 00007d24 00005414  2 Motor_init 	dc_motor_c.obj 
  00004d38 00005c 00007d38 00005428  2 Motor_set_speed 	dc_motor_c.obj 
  00004d94 00003c 00007d94 00005484  2 dc_motor_init 	dc_motor_c.obj 
  00004dd0 00001e 00007dd0 000054c0  2 dc_motor_left_set_duty_rate 	dc_motor_c.obj 
  00004dee 00001e 00007dee 000054de  2 dc_motor_right_set_duty_rate 	dc_motor_c.obj 
  00004e0c 000000 00007e0c 000054fc  1 .text.73 	dc_motor_c.obj 
  00004e0c 00034a 00007e0c 000054fc  1 .text 	core_ai_c.obj 
  00004e0c 000006 00007e0c 000054fc  2 get_ref_speed 	core_ai_c.obj 
  00004e12 000006 00007e12 00005502  2 set_ref_speed 	core_ai_c.obj 
  00004e18 000006 00007e18 00005508  2 get_kp 	core_ai_c.obj 
  00004e1e 000006 00007e1e 0000550e  2 get_kd 	core_ai_c.obj 
  00004e24 000006 00007e24 00005514  2 get_ki 	core_ai_c.obj 
  UNUSED   000006 ........ ........    set_kp core_ai_c.obj 
  00004e2a 000006 00007e2a 0000551a  2 set_kd 	core_ai_c.obj 
  00004e30 000006 00007e30 00005520  2 set_ki 	core_ai_c.obj 
  00004e36 000320 00007e36 00005526  2 core_ai_think 	core_ai_c.obj 
  UNUSED   0000b6 ........ ........    pid_control core_ai_c.obj 
  00005156 000000 00008156 00005846  1 .text.210 	core_ai_c.obj 
  00005156 00020e 00008156 00005846  1 .text 	common_c.obj 
  00005156 000032 00008156 00005846  2 writePin 	common_c.obj 
  00005188 000018 00008188 00005878  2 readPin 	common_c.obj 
  000051a0 00002e 000081a0 00005890  2 sdelay 	common_c.obj 
  000051ce 000032 000081ce 000058be  2 mdelay 	common_c.obj 
  UNUSED   00002a ........ ........    ndelay common_c.obj 
  UNUSED   00002c ........ ........    udelay common_c.obj 
  00005200 00003c 00008200 000058f0  2 print 	common_c.obj 
  0000523c 000020 0000823c 0000592c  2 println 	common_c.obj 
  0000525c 000016 0000825c 0000594c  2 sys_log 	common_c.obj 
  UNUSED   000016 ........ ........    err_log common_c.obj 
  00005272 000026 00008272 00005962  2 pow 	common_c.obj 
  UNUSED   00001a ........ ........    get_number_string_length common_c.obj 
  UNUSED   00004e ........ ........    get_number_length common_c.obj 
  00005298 000084 00008298 00005988  2 i_to_s_cnt 	common_c.obj 
  UNUSED   0000b2 ........ ........    Uart_100 common_c.obj 
  UNUSED   0000ee ........ ........    Uart_1000 common_c.obj 
  UNUSED   00012a ........ ........    Uart_10000 common_c.obj 
  0000531c 000020 0000831c 00005a0c  2 clear_log_screen 	common_c.obj 
  0000533c 000006 0000833c 00005a2c  2 is_started 	common_c.obj 
  00005342 000022 00008342 00005a32  2 start 	common_c.obj 
  00005364 000000 00008364 00005a54  1 .text.245 	common_c.obj 
  00005364 00068a 00008364 00005a54  1 .text 	adc_init_c.obj 
  00005364 00001c 00008364 00005a54  2 adc_init_fnc 	adc_init_c.obj 
  00005380 0000c0 00008380 00005a70  2 adc_0_init_fnc 	adc_init_c.obj 
  00005440 0000be 00008440 00005b30  2 adc_1_init_fnc 	adc_init_c.obj 
  000054fe 0002a2 000084fe 00005bee  2 adc_ctuevent_init_fnc 	adc_init_c.obj 
  000057a0 000144 000087a0 00005e90  2 adc_0_channel_setup_fnc 	adc_init_c.obj 
  000058e4 0000c6 000088e4 00005fd4  2 adc_1_channel_setup_fnc 	adc_init_c.obj 
  000059aa 00001e 000089aa 0000609a  2 adc_0_trigger_setup_fnc 	adc_init_c.obj 
  000059c8 000026 000089c8 000060b8  2 adc_1_trigger_setup_fnc 	adc_init_c.obj 
  000059ee 000000 000089ee 000060de  1 .text.37 	adc_init_c.obj 
  000059ee 000084 000089ee 000060de  1 .text 	adc_drv_c.obj 
  UNUSED   00005c ........ ........    A2D_GetSingleCh_12bit adc_drv_c.obj 
  000059ee 000084 000089ee 000060de  2 A2D_GetSingleCh_10bit 	adc_drv_c.obj 
  UNUSED   00002a ........ ........    A2D_GetChResult_12bit adc_drv_c.obj 
  UNUSED   000030 ........ ........    A2D_GetChResult_10bit adc_drv_c.obj 
  UNUSED   00001c ........ ........    A2D_SetupCh_12bit adc_drv_c.obj 
  UNUSED   00005e ........ ........    A2D_SetupCh_10bit adc_drv_c.obj 
  00005a72 000000 00008a72 00006162  1 .text.66 	adc_drv_c.obj 
  00005a72 0001f0 00008a72 00006162  1 .text 	UART_drv_c.obj 
  00005a72 0000b0 00008a72 00006162  2 UartTxMsg 	UART_drv_c.obj 
  00005b22 000070 00008b22 00006212  2 UartRxDataByte 	UART_drv_c.obj 
  UNUSED   000044 ........ ........    UartRxNewDataSize UART_drv_c.obj 
  00005b92 00002e 00008b92 00006282  2 UartRxBufEmpty 	UART_drv_c.obj 
  UNUSED   000018 ........ ........    UartBufInit UART_drv_c.obj 
  00005bc0 0000a2 00008bc0 000062b0  2 UartRxFillBuf 	UART_drv_c.obj 
  00005c62 000000 00008c62 00006352  1 .text.77 	UART_drv_c.obj 


.rodata section layout
  Starting        Virtual  File
  address  Size   address  offset
  ---------------------------------


.ctors section layout
  Starting        Virtual  File
  address  Size   address  offset
  ---------------------------------


.dtors section layout
  Starting        Virtual  File
  address  Size   address  offset
  ---------------------------------


.sdata2 section layout
  Starting        Virtual  File
  address  Size   address  offset
  ---------------------------------
  00000000 000008 00008c68 00006358  1 .sdata2 	st7565_c.obj 
  00000000 000008 00008c68 00006358  8 pagemap 	st7565_c.obj 


.sbss2 section layout
  Starting        Virtual  File
  address  Size   address  offset
  ---------------------------------


.data section layout
  Starting        Virtual  File
  address  Size   address  offset
  ---------------------------------
  00000000 000400 40000000 00006360  1 .data 	st7565_c.obj 
  00000000 000400 40000000 00006360  8 st7565_buffer 	st7565_c.obj 
  00000400 00014c 40000400 00006760  1 .data 	intc_pit_c.obj 
  00000400 000009 40000400 00006760  4 @139 	intc_pit_c.obj 
  0000040c 000009 4000040c 0000676c  4 @143 	intc_pit_c.obj 
  00000418 000134 40000418 00006778  4 @144 	intc_pit_c.obj 
  0000054c 000004 40000550 000068b0  8 *fill*
  00000550 000019 40000550 000068b0  1 .data 	external_interrupt_c.obj 
  00000550 00000a 40000550 000068b0  4 @50 	external_interrupt_c.obj 
  0000055c 00000d 4000055c 000068bc  4 @51 	external_interrupt_c.obj 
  00000569 000007 40000570 000068d0  8 *fill*
  00000570 0001bf 40000570 000068d0  1 .data 	core_ai_c.obj 
  UNUSED   00165c ........ ........    atan core_ai_c.obj 
  00000570 000168 40000570 000068d0  8 cos_calc_values 	core_ai_c.obj 
  000006d8 00000c 400006d8 00006a38  4 @167 	core_ai_c.obj 
  000006e4 00000d 400006e4 00006a44  4 @169 	core_ai_c.obj 
  000006f4 000015 400006f4 00006a54  4 @170 	core_ai_c.obj 
  0000070c 000011 4000070c 00006a6c  4 @172 	core_ai_c.obj 
  00000720 00000f 40000720 00006a80  4 @173 	core_ai_c.obj 


.j_pdata section layout
  Starting        Virtual  File
  address  Size   address  offset
  ---------------------------------


.sdata section layout
  Starting        Virtual  File
  address  Size   address  offset
  ---------------------------------
  00000000 000006 40000730 00006a90  1 .sdata 	main_c.obj 
  00000000 000006 40000730 00006a90  4 @99 	main_c.obj 
  00000006 000002 40000738 00006a98  8 *fill*
  00000008 000004 40000738 00006a98  1 .sdata 	line_scan_c.obj 
  00000008 000004 40000738 00006a98  4 avg_black 	line_scan_c.obj 
  0000000c 000004 40000740 00006aa0  8 *fill*
  00000010 00001e 40000740 00006aa0  1 .sdata 	intc_pit_c.obj 
  UNUSED   000004 ........ ........    _ref_speed intc_pit_c.obj 
  UNUSED   000004 ........ ........    kp intc_pit_c.obj 
  UNUSED   000004 ........ ........    kd intc_pit_c.obj 
  UNUSED   000004 ........ ........    ki intc_pit_c.obj 
  00000010 000001 40000740 00006aa0  1 @LOCAL@sona_sensing__Fv@sona_state 	intc_pit_c.obj 
  00000014 000004 40000744 00006aa4  4 @LOCAL@check_bluetooth__Fv@servo 	intc_pit_c.obj 
  00000018 000006 40000748 00006aa8  4 @140 	intc_pit_c.obj 
  00000020 000006 40000750 00006ab0  4 @141 	intc_pit_c.obj 
  00000028 000006 40000758 00006ab8  4 @142 	intc_pit_c.obj 
  0000002e 000002 40000760 00006ac0  8 *fill*
  00000030 00001a 40000760 00006ac0  1 .sdata 	core_ai_c.obj 
  00000030 000004 40000760 00006ac0  4 _ref_speed 	core_ai_c.obj 
  00000034 000004 40000764 00006ac4  4 kp 	core_ai_c.obj 
  00000038 000004 40000768 00006ac8  4 kd 	core_ai_c.obj 
  0000003c 000004 4000076c 00006acc  4 ki 	core_ai_c.obj 
  00000040 000003 40000770 00006ad0  4 @168 	core_ai_c.obj 
  00000044 000006 40000774 00006ad4  4 @171 	core_ai_c.obj 
  0000004a 000006 40000780 00006ae0  8 *fill*
  00000050 00001e 40000780 00006ae0  1 .sdata 	common_c.obj 
  00000050 000004 40000780 00006ae0  4 loops_per_sec 	common_c.obj 
  00000054 000003 40000784 00006ae4  4 @126 	common_c.obj 
  00000058 000005 40000788 00006ae8  4 @213 	common_c.obj 
  00000060 000007 40000790 00006af0  4 @214 	common_c.obj 
  00000068 000006 40000798 00006af8  4 @223 	common_c.obj 


.sbss section layout
  Starting        Virtual  File
  address  Size   address  offset
  ---------------------------------
  00000000 000008 400007a0 00006b00  1 .sbss 	sona_sensor_c.obj 
  00000000 000008 400007a0 00006b00  8 sona_sensor 	sona_sensor_c.obj 
  00000008 000008 400007a8 00006b08  1 .sbss 	servo_motor_c.obj 
  00000008 000008 400007a8 00006b08  8 handle_motor 	servo_motor_c.obj 
  00000010 000001 400007b0 00006b10  1 .sbss 	line_scan_c.obj 
  00000010 000001 400007b0 00006b10  1 need_speed_down 	line_scan_c.obj 
  UNUSED   000004 ........ ........    @LOCAL@line_scan_draw_in_glcd__Fi@selected_line_blink_animation_flag line_scan_c.obj 
  00000011 000007 400007b8 00006b18  8 *fill*
  00000018 000008 400007b8 00006b18  1 .sbss 	intc_pit_c.obj 
  UNUSED   000001 ........ ........    danger_level intc_pit_c.obj 
  00000018 000001 400007b8 00006b18  1 boost_up_mode 	intc_pit_c.obj 
  UNUSED   000008 ........ ........    sona_sensor intc_pit_c.obj 
  UNUSED   000008 ........ ........    right_wheel intc_pit_c.obj 
  UNUSED   000008 ........ ........    left_wheel intc_pit_c.obj 
  0000001c 000004 400007bc 00006b1c  4 line_draw_select 	intc_pit_c.obj 
  00000020 000001 400007c0 00006b20  1 .sbss 	core_ai_c.obj 
  00000020 000001 400007c0 00006b20  1 danger_level 	core_ai_c.obj 
  UNUSED   000004 ........ ........    @LOCAL@core_ai_think__Fv@caution_not_fount_count core_ai_c.obj 
  UNUSED   000004 ........ ........    @LOCAL@pid_control__Fll@errorSum@0 core_ai_c.obj 
  UNUSED   000008 ........ ........    sona_sensor core_ai_c.obj 
  00000021 000007 400007c8 00006b28  8 *fill*
  00000028 000001 400007c8 00006b28  1 .sbss 	common_c.obj 
  00000028 000001 400007c8 00006b28  1 is_start 	common_c.obj 


.bss section layout
  Starting        Virtual  File
  address  Size   address  offset
  ---------------------------------
  00000000 00122a 400007d0 00006b00  1 .bss 	line_scan_c.obj 
  UNUSED   000200 ........ ........    line_down_start_point_array line_scan_c.obj 
  UNUSED   000200 ........ ........    line_down_point_buf line_scan_c.obj 
  UNUSED   000200 ........ ........    line_calc_buf line_scan_c.obj 
  00000000 000c00 400007d0 00006b00  8 line_max_min_table 	line_scan_c.obj 
  00000c00 000018 400013d0 00007700  8 line_point_value 	line_scan_c.obj 
  00000c18 000600 400013e8 00007718  8 line_values 	line_scan_c.obj 
  00001218 000012 400019e8 00007d18  4 lineCameras 	line_scan_c.obj 
  0000122a 000006 40001a00 00007d30  8 *fill*
  00001230 000040 40001a00 00007d30  1 .bss 	encoder_c.obj 
  00001230 000020 40001a00 00007d30  8 right_encoder 	encoder_c.obj 
  00001250 000020 40001a20 00007d50  8 left_encoder 	encoder_c.obj 
  00001270 000018 40001a40 00007d70  1 .bss 	dc_motor_c.obj 
  00001270 00000c 40001a40 00007d70  4 right_motor 	dc_motor_c.obj 
  0000127c 00000c 40001a4c 00007d7c  4 left_motor 	dc_motor_c.obj 
  00001288 000104 40001a58 00007d88  1 .bss 	UART_drv_c.obj 
  00001288 000104 40001a58 00007d88  4 UARTBuf 	UART_drv_c.obj 


.tibss section layout
  Starting        Virtual  File
  address  Size   address  offset
  ---------------------------------


.tidata section layout
  Starting        Virtual  File
  address  Size   address  offset
  ---------------------------------


Memory map:
                       Starting Size     File     ROM      RAM Buffer  S-Record
                       address           Offset   Address  Address     Line
       .__bam_bootarea 00000000 00000008 00000240 00000000 00000000          2
                 .init 00000020 00000000 00000248 00003000 00003000          0
             .init_vle 00000020 00000000 00000248 00000020 00000020          0
        .exec_vect_Vle 00001000 000000f4 00000250 00001000 00001000          3
                .vects 00002000 000003a8 00000348 00002000 00002000         16
             .text_vle 00003000 00005c64 000006f0 00003000 00003000         63
               .rodata 00008c64 00000000 00006354 00008c64 00008c64          0
                .ctors 00008c64 00000000 00006354 00008c64 00008c64          0
                .dtors 00008c64 00000000 00006354 00008c64 00008c64          0
               .sdata2 00008c68 00000008 00006358 00008c68 00008c68       1246
                .sbss2 00008c70 00000000 00006360 00008c70 00008c70          0
                 .data 40000000 00000730 00006360 00008c70 00008c70       1247
                .sdata 40000730 00000070 00006a90 000093a0 000093a0       1339
                 .sbss 400007a0 0000002c 00006b00 00009410 00009410          0
                  .bss 400007d0 0000138c 00006b00 00009410 00009410          0
      .PPC.EMB.apuinfo 000109a0 00000000 000174a0 00019db0 00019db0          0
         .debug_abbrev          00000173 00006b00
           .debug_info          00004e4c 00006c73
        .debug_aranges          00000080 0000babf
           .debug_line          00007b7b 0000bb3f
            .debug_loc          00000d5a 000136ba
       .debug_pubnames          00000d7f 00014414


Linker generated symbols:
                   __argv 00003000
                    __env 00003000
               __DATA_ROM 00008c70
               __DATA_RAM 40000000
               __DATA_END 400007a0
              __BSS_START 400007a0
                __BSS_END 40001b5c
                __SP_INIT 40014000
                 __SP_END 40013000
               __HEAP_END 40013000
            ___HEAP_START 003cfff0
              ___HEAP_END 40013000
               ___SP_INIT 40014000
                ___SP_END 40013000
              ___DATA_ROM 00008c70
              ___DATA_RAM 40000000
              ___DATA_END 400007a0
             ___BSS_START 400007a0
               ___BSS_END 40001b5c
        _f___bam_bootarea 00000000
    _f___bam_bootarea_rom 00000000
        _e___bam_bootarea 00000008
                  _f_init 00000020
              _f_init_rom 00003000
                  _e_init 00000020
              _f_init_vle 00000020
          _f_init_vle_rom 00000020
              _e_init_vle 00000020
             _f_exec_vect 00001000
         _f_exec_vect_rom 00001000
             _e_exec_vect 00001000
         _f_exec_vect_Vle 00001000
     _f_exec_vect_Vle_rom 00001000
         _e_exec_vect_Vle 000010f4
                 _f_vects 00002000
             _f_vects_rom 00002000
                 _e_vects 000023a8
                  _f_text 00003000
              _f_text_rom 00003000
                  _e_text 00003000
              _f_text_vle 00003000
          _f_text_vle_rom 00003000
              _e_text_vle 00008c64
                _f_rodata 00008c64
            _f_rodata_rom 00008c64
                _e_rodata 00008c64
                 _f_ctors 00008c64
             _f_ctors_rom 00008c64
                 _e_ctors 00008c64
                 _f_dtors 00008c64
             _f_dtors_rom 00008c64
                 _e_dtors 00008c64
                _f_sdata2 00008c68
            _f_sdata2_rom 00008c68
                _e_sdata2 00008c70
                 _f_sbss2 00008c70
                 _e_sbss2 00008c70
                  _f_data 40000000
              _f_data_rom 00008c70
                  _e_data 40000730
               _f_j_pdata 40000730
           _f_j_pdata_rom 000093a0
               _e_j_pdata 40000730
                 _f_sdata 40000730
             _f_sdata_rom 000093a0
                 _e_sdata 400007a0
                  _f_sbss 400007a0
                  _e_sbss 400007cc
                   _f_bss 400007d0
                   _e_bss 40001b5c
                 _f_tibss 40001b5c
             _f_tibss_rom 00009410
                 _e_tibss 40001b5c
                _f_tidata 40001b5c
            _f_tidata_rom 00009410
                _e_tidata 40001b5c
              _stack_addr 003dfff0
               _stack_end 003d7ff0
               _heap_addr 003cfff0
                _heap_end 003d7ff0
             _nbfunctions 0000008e
           SIZEOF_HEADERS 00000240
               _SDA_BASE_ 40008730
              _SDA2_BASE_ 00010c68
           _ABS_SDA_BASE_ 40008730
          _ABS_SDA2_BASE_ 00010c68
                 _SP_INIT 003dfff0
             __HEAP_START 003cfff0
              __mem_limit 003d7ff0
           __stack_safety 00000010
