Link map of __start
  1] __start (notype,global) found in crt0_s.obj 
   2] _@DummyFn1 (func,local) found in crt0_s.obj 
    3] __SP_INIT found as linker generated symbol
    3] _SDA_BASE_ found as linker generated symbol
    3] _SDA2_BASE_ found as linker generated symbol
    3] romcopy (func,global) found in romcopy_c.obj 
     4] __DATA_RAM found as linker generated symbol
     4] __DATA_ROM found as linker generated symbol
     4] __DATA_END found as linker generated symbol
     4] __BSS_START found as linker generated symbol
     4] __BSS_END found as linker generated symbol
     4] main (func,global) found in main_c.obj 
      5] DisableExternalInterrupts (func,global) found in rappid_utils_c.obj 
      5] sys_init_fnc (func,global) found in sys_init_c.obj 
       6] intc_init_fnc (func,global) found in intc_init_c.obj 
        7] IntcIsrVectorTable (object,global) found in intc_sw_vecttable_c.obj 
         8] interrupt_handler (func,global) found in intc_sw_vecttable_c.obj 
         8] siu_external_irq_0 (func,global) found in external_interrupt_c.obj 
          9] pin_write (func,global) found in gpio_drv_c.obj 
          9] mdelay (func,global) found in common_c.obj 
           10] loops_per_sec (object,global) found in common_c.obj 
          9] pin_read (func,global) found in gpio_drv_c.obj 
          9] start (func,global) found in common_c.obj 
           10] @223 (object,local) found in common_c.obj 
           10] sys_log (func,global) found in common_c.obj 
            11] println (func,global) found in common_c.obj 
             12] print (func,global) found in common_c.obj 
              13] UartTxMsg (func,global) found in UART_drv_c.obj 
             12] @126 (object,local) found in common_c.obj 
           10] is_start (object,local) found in common_c.obj 
           10] make_avg_black (func,global) found in line_scan_c.obj 
            11] line_max_min_table (object,local) found in line_scan_c.obj 
            11] avg_black (object,global) found in line_scan_c.obj 
          9] @53 (object,local) found in external_interrupt_c.obj 
          9] get_draw_line_select (func,global) found in intc_pit_c.obj 
           10] line_draw_select (object,local) found in intc_pit_c.obj 
          9] set_glcd_draw_select (func,global) found in intc_pit_c.obj 
          9] @54 (object,local) found in external_interrupt_c.obj 
          9] EnableExternalInterrupts (func,global) found in rappid_utils_c.obj 
         8] line_sensing (func,global) found in intc_pit_c.obj 
         8] sona_sensing (func,global) found in intc_pit_c.obj 
          9] @LOCAL@sona_sensing__Fv@sona_state (object,local) found in intc_pit_c.obj 
          9] sona_sensor_send_echo (func,global) found in sona_sensor_c.obj 
           10] sona_sensor (object,local) found in sona_sensor_c.obj 
           10] writePin (func,global) found in common_c.obj 
            11] GPIO_SetState (func,global) found in gpio_drv_c.obj 
          9] sona_sensor_end_echo (func,global) found in sona_sensor_c.obj 
          9] sona_sensor_get_pulse_width (func,global) found in sona_sensor_c.obj 
          9] i_to_s_cnt (func,global) found in common_c.obj 
           10] pow (func,global) found in common_c.obj 
         8] ai_control (func,global) found in intc_pit_c.obj 
          9] line_scan (func,global) found in line_scan_c.obj 
           10] lineCameras (object,local) found in line_scan_c.obj 
           10] line_values (object,local) found in line_scan_c.obj 
           10] A2D_GetSingleCh_10bit (func,global) found in adc_drv_c.obj 
           10] is_started (func,global) found in common_c.obj 
          9] line_calc (func,global) found in line_scan_c.obj 
           10] line_point_value (object,local) found in line_scan_c.obj 
           10] need_speed_down (object,local) found in line_scan_c.obj 
          9] boost_up_mode (object,local) found in intc_pit_c.obj 
          9] line_scan_draw_in_glcd (func,global) found in line_scan_c.obj 
           10] line_values_get_index (func,global) found in line_scan_c.obj 
           10] line_values_get_detected (func,global) found in line_scan_c.obj 
           10] setpixel (func,global) found in st7565_c.obj 
            11] st7565_buffer (object,global) found in st7565_c.obj 
            11] updateBoundingBox (func,global) found in st7565_c.obj 
           10] glcd_display (func,global) found in st7565_c.obj 
            11] pagemap (object,global) found in st7565_c.obj 
            11] st7565_command (func,global) found in st7565_c.obj 
            11] st7565_data (func,global) found in st7565_c.obj 
          9] check_bluetooth (func,global) found in intc_pit_c.obj 
           10] @LOCAL@check_bluetooth__Fv@servo (object,local) found in intc_pit_c.obj 
           10] UartRxFillBuf (func,global) found in UART_drv_c.obj 
            11] UARTBuf (object,global) found in UART_drv_c.obj 
           10] UartRxBufEmpty (func,global) found in UART_drv_c.obj 
           10] UartRxDataByte (func,global) found in UART_drv_c.obj 
           10] @144 (object,local) found in intc_pit_c.obj 
           10] @139 (object,local) found in intc_pit_c.obj 
           10] get_kp (func,global) found in core_ai_c.obj 
            11] kp (object,local) found in core_ai_c.obj 
           10] set_ki (func,global) found in core_ai_c.obj 
            11] ki (object,local) found in core_ai_c.obj 
           10] set_kd (func,global) found in core_ai_c.obj 
            11] kd (object,local) found in core_ai_c.obj 
           10] @140 (object,local) found in intc_pit_c.obj 
           10] get_ki (func,global) found in core_ai_c.obj 
           10] @141 (object,local) found in intc_pit_c.obj 
           10] get_kd (func,global) found in core_ai_c.obj 
           10] @142 (object,local) found in intc_pit_c.obj 
           10] set_ref_speed (func,global) found in core_ai_c.obj 
            11] _ref_speed (object,local) found in core_ai_c.obj 
           10] get_ref_speed (func,global) found in core_ai_c.obj 
           10] @143 (object,local) found in intc_pit_c.obj 
          9] core_ai_think (func,global) found in core_ai_c.obj 
           10] danger_level (object,local) found in core_ai_c.obj 
           10] clear_log_screen (func,global) found in common_c.obj 
            11] @213 (object,local) found in common_c.obj 
            11] @214 (object,local) found in common_c.obj 
           10] encoder_read_left (func,global) found in encoder_c.obj 
            11] left_encoder (object,local) found in encoder_c.obj 
            11] Encoder_read (func,global) found in encoder_c.obj 
             12] readPin (func,global) found in common_c.obj 
              13] GPIO_GetState (func,global) found in gpio_drv_c.obj 
           10] encoder_read_right (func,global) found in encoder_c.obj 
            11] right_encoder (object,local) found in encoder_c.obj 
           10] get_left_encoder (func,global) found in encoder_c.obj 
           10] get_right_encoder (func,global) found in encoder_c.obj 
           10] sona_sensor_get (func,global) found in sona_sensor_c.obj 
           10] @164 (object,local) found in core_ai_c.obj 
           10] @165 (object,local) found in core_ai_c.obj 
           10] @166 (object,local) found in core_ai_c.obj 
           10] is_need_to_speed_down (func,global) found in line_scan_c.obj 
           10] @167 (object,local) found in core_ai_c.obj 
           10] @168 (object,local) found in core_ai_c.obj 
           10] cos_calc_values (object,local) found in core_ai_c.obj 
           10] @169 (object,local) found in core_ai_c.obj 
           10] @170 (object,local) found in core_ai_c.obj 
           10] dc_motor_left_set_duty_rate (func,global) found in dc_motor_c.obj 
            11] left_motor (object,local) found in dc_motor_c.obj 
            11] Motor_set_speed (func,global) found in dc_motor_c.obj 
           10] dc_motor_right_set_duty_rate (func,global) found in dc_motor_c.obj 
            11] right_motor (object,local) found in dc_motor_c.obj 
           10] servo_motor_move (func,global) found in servo_motor_c.obj 
            11] handle_motor (object,local) found in servo_motor_c.obj 
            11] ServoMotor_rotate (func,global) found in servo_motor_c.obj 
         8] utility_proccess (func,global) found in intc_pit_c.obj 
        7] en_int_fnc (func,global) found in intc_init_c.obj 
       6] IVPRInitialize (notype,global) found in rappid_func_s.obj 
        7] _@DummyFn1 (func,local) found in rappid_func_s.obj 
         8] IVORxHandlers (notype,global) found in excep_handler_s.obj 
          9] _@DummyFn1 (func,local) found in excep_handler_s.obj 
           10] .text_vle (section,local) found in excep_handler_s.obj 
            11] IVOR0Handler (notype,global) found in excep_handler_s.obj 
            11] IVOR1Handler (notype,global) found in excep_handler_s.obj 
            11] IVOR2Handler (notype,global) found in excep_handler_s.obj 
            11] IVOR3Handler (notype,global) found in excep_handler_s.obj 
            11] IVOR5Handler (notype,global) found in excep_handler_s.obj 
            11] IVOR6Handler (notype,global) found in excep_handler_s.obj 
            11] IVOR8Handler (notype,global) found in excep_handler_s.obj 
            11] IVOR15Handler (notype,global) found in excep_handler_s.obj 
            11] default_except_handler (notype,global) found in excep_handler_s.obj 
            11] .text_vle (section,local) found in excep_handler_s.obj 
           10] IVOR4Handler (notype,global) found in sw_handlers_s.obj 
            11] _@DummyFn1 (func,local) found in sw_handlers_s.obj 
            11] .text_vle (section,local) found in sw_handlers_s.obj 
          9] .exec_vect_Vle (section,local) found in excep_handler_s.obj 
        7] .text_vle (section,local) found in rappid_func_s.obj 
       6] swt_init_fnc (func,global) found in swt_init_c.obj 
       6] sysclk_module_init_fnc (func,global) found in sysclk_init_c.obj 
        7] mode_entry_init_fnc (func,global) found in sysclk_init_c.obj 
        7] sysclk_init_fnc (func,global) found in sysclk_init_c.obj 
        7] cmu_init_fnc (func,global) found in sysclk_init_c.obj 
       6] rtc_init_fnc (func,global) found in rtc_init_c.obj 
       6] stm_init_fnc (func,global) found in stm_init_c.obj 
       6] pit_init_fnc (func,global) found in pit_init_c.obj 
       6] flexcan_init_fnc (func,global) found in flexcan_init_c.obj 
        7] flexcan_0_init_fnc (func,global) found in flexcan_init_c.obj 
        7] flexcan_1_init_fnc (func,global) found in flexcan_init_c.obj 
        7] flexcan_2_init_fnc (func,global) found in flexcan_init_c.obj 
        7] flexcan_3_init_fnc (func,global) found in flexcan_init_c.obj 
        7] flexcan_4_init_fnc (func,global) found in flexcan_init_c.obj 
        7] flexcan_5_init_fnc (func,global) found in flexcan_init_c.obj 
       6] adc_init_fnc (func,global) found in adc_init_c.obj 
        7] adc_0_init_fnc (func,global) found in adc_init_c.obj 
         8] adc_0_channel_setup_fnc (func,global) found in adc_init_c.obj 
         8] adc_0_trigger_setup_fnc (func,global) found in adc_init_c.obj 
        7] adc_1_init_fnc (func,global) found in adc_init_c.obj 
         8] adc_1_channel_setup_fnc (func,global) found in adc_init_c.obj 
         8] adc_1_trigger_setup_fnc (func,global) found in adc_init_c.obj 
        7] adc_ctuevent_init_fnc (func,global) found in adc_init_c.obj 
       6] emios_init_fnc (func,global) found in emios_init_c.obj 
        7] emios_0_init_fnc (func,global) found in emios_init_c.obj 
        7] emios_1_init_fnc (func,global) found in emios_init_c.obj 
       6] dspi_init_fnc (func,global) found in dspi_init_c.obj 
        7] dspi0_init_fnc (func,global) found in dspi_init_c.obj 
        7] dspi1_init_fnc (func,global) found in dspi_init_c.obj 
        7] dspi2_init_fnc (func,global) found in dspi_init_c.obj 
        7] dspi3_init_fnc (func,global) found in dspi_init_c.obj 
        7] dspi4_init_fnc (func,global) found in dspi_init_c.obj 
       6] linflex_init_fnc (func,global) found in linflex_init_c.obj 
        7] linflex0_init_fnc (func,global) found in linflex_init_c.obj 
        7] linflex1_init_fnc (func,global) found in linflex_init_c.obj 
        7] linflex2_init_fnc (func,global) found in linflex_init_c.obj 
        7] linflex3_init_fnc (func,global) found in linflex_init_c.obj 
        7] linflex4_init_fnc (func,global) found in linflex_init_c.obj 
        7] linflex5_init_fnc (func,global) found in linflex_init_c.obj 
       6] mode_entry_post_config_fnc (func,global) found in sysclk_init_c.obj 
       6] siu_init_fnc (func,global) found in siu_init_c.obj 
        7] siu_portA_init_fnc (func,global) found in siu_init_c.obj 
        7] siu_portB_init_fnc (func,global) found in siu_init_c.obj 
        7] siu_portC_init_fnc (func,global) found in siu_init_c.obj 
        7] siu_portD_init_fnc (func,global) found in siu_init_c.obj 
        7] siu_portE_init_fnc (func,global) found in siu_init_c.obj 
        7] siu_portF_init_fnc (func,global) found in siu_init_c.obj 
        7] siu_portG_init_fnc (func,global) found in siu_init_c.obj 
        7] siu_portH_init_fnc (func,global) found in siu_init_c.obj 
        7] siu_general_init_fnc (func,global) found in siu_init_c.obj 
        7] siu_parallel_port_init_fnc (func,global) found in siu_init_c.obj 
        7] siu_unused_pins_init_fnc (func,global) found in siu_init_c.obj 
        7] siu_psmi_init_fnc (func,global) found in siu_init_c.obj 
      5] @99 (object,local) found in main_c.obj 
      5] glcd_begin (func,global) found in st7565_c.obj 
       6] st7565_init (func,global) found in st7565_c.obj 
        7] sdelay (func,global) found in common_c.obj 
       6] st7565_set_brightness (func,global) found in st7565_c.obj 
       6] backLightControl (func,global) found in st7565_c.obj 
      5] glcd_clear_screen (func,global) found in st7565_c.obj 
      5] dc_motor_init (func,global) found in dc_motor_c.obj 
       6] Motor_init (func,global) found in dc_motor_c.obj 
      5] encoder_init (func,global) found in encoder_c.obj 
       6] Encoder_init (func,global) found in encoder_c.obj 
      5] line_scan_init (func,global) found in line_scan_c.obj 
       6] LineCamera_init (func,global) found in line_scan_c.obj 
      5] servo_motor_init (func,global) found in servo_motor_c.obj 
       6] ServoMotor_init (func,global) found in servo_motor_c.obj 
      5] sona_sensor_init (func,global) found in sona_sensor_c.obj 
   2] .text_vle (section,local) found in crt0_s.obj 
  1] bam_rchw (object,global) found in rchw_init_c.obj 
  1] bam_resetvector (object,global) found in rchw_init_c.obj 
    3] .text (section,local) found in sysclk_init_c.obj 
    3] .text.65 (notype,local) found in sysclk_init_c.obj 
    3] .text (section,local) found in sys_init_c.obj 
    3] .text.11 (notype,local) found in sys_init_c.obj 
    3] .text (section,local) found in swt_init_c.obj 
    3] .text.29 (notype,local) found in swt_init_c.obj 
    3] .text (section,local) found in stm_init_c.obj 
    3] .text.9 (notype,local) found in stm_init_c.obj 
    3] .text (section,local) found in st7565_c.obj 
    3] .text.184 (notype,local) found in st7565_c.obj 
    3] .text (section,local) found in sona_sensor_c.obj 
    3] .text.52 (notype,local) found in sona_sensor_c.obj 
    3] .text (section,local) found in siu_init_c.obj 
    3] .text.57 (notype,local) found in siu_init_c.obj 
    3] .text (section,local) found in servo_motor_c.obj 
    3] .text.81 (notype,local) found in servo_motor_c.obj 
    3] .text (section,local) found in rtc_init_c.obj 
    3] .text.9 (notype,local) found in rtc_init_c.obj 
    3] .text (section,local) found in romcopy_c.obj 
    3] .text.34 (notype,local) found in romcopy_c.obj 
    3] .text (section,local) found in rappid_utils_c.obj 
    3] .text.29 (notype,local) found in rappid_utils_c.obj 
    3] .text (section,local) found in pit_init_c.obj 
    3] .text.32 (notype,local) found in pit_init_c.obj 
    3] .text (section,local) found in main_c.obj 
    3] .text.115 (notype,local) found in main_c.obj 
    3] .text (section,local) found in linflex_init_c.obj 
    3] .text.33 (notype,local) found in linflex_init_c.obj 
    3] .text (section,local) found in line_scan_c.obj 
    3] .text.248 (notype,local) found in line_scan_c.obj 
    3] .text (section,local) found in intc_sw_vecttable_c.obj 
    3] .text.34 (notype,local) found in intc_sw_vecttable_c.obj 
    3] .text (section,local) found in intc_pit_c.obj 
    3] .text.173 (notype,local) found in intc_pit_c.obj 
    3] .text (section,local) found in intc_init_c.obj 
    3] .text.19 (notype,local) found in intc_init_c.obj 
    3] .text (section,local) found in gpio_drv_c.obj 
    3] .text.29 (notype,local) found in gpio_drv_c.obj 
    3] .text (section,local) found in flexcan_init_c.obj 
    3] .text.196 (notype,local) found in flexcan_init_c.obj 
    3] .text (section,local) found in external_interrupt_c.obj 
    3] .text.68 (notype,local) found in external_interrupt_c.obj 
    3] .text (section,local) found in encoder_c.obj 
    3] .text.82 (notype,local) found in encoder_c.obj 
    3] .text (section,local) found in emios_init_c.obj 
    3] .text.40 (notype,local) found in emios_init_c.obj 
    3] .text (section,local) found in dspi_init_c.obj 
    3] .text.29 (notype,local) found in dspi_init_c.obj 
    3] .text (section,local) found in dc_motor_c.obj 
    3] .text.73 (notype,local) found in dc_motor_c.obj 
    3] .text (section,local) found in core_ai_c.obj 
    3] .text.207 (notype,local) found in core_ai_c.obj 
    3] .text (section,local) found in common_c.obj 
    3] .text.245 (notype,local) found in common_c.obj 
    3] .text (section,local) found in adc_init_c.obj 
    3] .text.37 (notype,local) found in adc_init_c.obj 
    3] .text (section,local) found in adc_drv_c.obj 
    3] .text.66 (notype,local) found in adc_drv_c.obj 
    3] .text (section,local) found in UART_drv_c.obj 
    3] .text.77 (notype,local) found in UART_drv_c.obj 


.__bam_bootarea section layout
  Starting        Virtual  File
  address  Size   address  offset
  ---------------------------------
  00000000 000008 00000000 00000240  1 .__bam_bootarea 	rchw_init_c.obj 
  00000000 000004 00000000 00000240  4 bam_rchw 	rchw_init_c.obj 
  00000004 000004 00000004 00000244  4 bam_resetvector 	rchw_init_c.obj 


.init section layout
  Starting        Virtual  File
  address  Size   address  offset
  ---------------------------------


.init_vle section layout
  Starting        Virtual  File
  address  Size   address  offset
  ---------------------------------


.exec_vect section layout
  Starting        Virtual  File
  address  Size   address  offset
  ---------------------------------


.exec_vect_Vle section layout
  Starting        Virtual  File
  address  Size   address  offset
  ---------------------------------
  00000000 0000f4 00001000 00000250  1 .exec_vect_Vle 	excep_handler_s.obj 
  00000000 0000f4 00001000 00000250  4 _@DummyFn1 	excep_handler_s.obj 
  00000000 000000 00001000 00000250    IVORxHandlers (entry of .exec_vect_Vle) 	excep_handler_s.obj 


.vects section layout
  Starting        Virtual  File
  address  Size   address  offset
  ---------------------------------
  00000000 0003a8 00002000 00000348  1 .vects 	intc_sw_vecttable_c.obj 
  00000000 0003a8 00002000 00000348  8 IntcIsrVectorTable 	intc_sw_vecttable_c.obj 


.text section layout
  Starting        Virtual  File
  address  Size   address  offset
  ---------------------------------


.text_vle section layout
  Starting        Virtual  File
  address  Size   address  offset
  ---------------------------------
  00000000 0000c0 00003000 000006f0  1 .text_vle 	sw_handlers_s.obj 
  00000000 0000c0 00003000 000006f0  4 _@DummyFn1 	sw_handlers_s.obj 
  00000000 000000 00003000 000006f0    IVOR4Handler (entry of .text_vle) 	sw_handlers_s.obj 
  000000c0 00000e 000030c0 000007b0  1 .text_vle 	rappid_func_s.obj 
  000000c0 00000e 000030c0 000007b0  4 _@DummyFn1 	rappid_func_s.obj 
  000000c0 000000 000030c0 000007b0    IVPRInitialize (entry of .text_vle) 	rappid_func_s.obj 
  000000ce 000002 000030d0 000007c0  4 *fill*
  000000d0 000050 000030d0 000007c0  1 .text_vle 	excep_handler_s.obj 
  000000d0 000000 000030d0 000007c0    IVOR0Handler (entry of .text_vle) 	excep_handler_s.obj 
  000000da 000000 000030da 000007ca    IVOR1Handler (entry of .text_vle) 	excep_handler_s.obj 
  000000e4 000000 000030e4 000007d4    IVOR2Handler (entry of .text_vle) 	excep_handler_s.obj 
  000000ee 000000 000030ee 000007de    IVOR3Handler (entry of .text_vle) 	excep_handler_s.obj 
  000000f8 000000 000030f8 000007e8    IVOR5Handler (entry of .text_vle) 	excep_handler_s.obj 
  00000102 000000 00003102 000007f2    IVOR6Handler (entry of .text_vle) 	excep_handler_s.obj 
  0000010c 000000 0000310c 000007fc    IVOR8Handler (entry of .text_vle) 	excep_handler_s.obj 
  00000116 000000 00003116 00000806    IVOR15Handler (entry of .text_vle) 	excep_handler_s.obj 
  00000120 000000 00003120 00000810    default_except_handler (entry of .text_vle) 	excep_handler_s.obj 
  00000120 000054 00003120 00000810  1 .text_vle 	crt0_s.obj 
  00000120 000054 00003120 00000810  4 _@DummyFn1 	crt0_s.obj 
  00000120 000000 00003120 00000810    __start (entry of .text_vle) 	crt0_s.obj 
  00000174 0004dc 00003174 00000864  1 .text 	sysclk_init_c.obj 
  00000174 00001c 00003174 00000864  2 sysclk_module_init_fnc 	sysclk_init_c.obj 
  00000190 00025a 00003190 00000880  2 mode_entry_init_fnc 	sysclk_init_c.obj 
  000003ea 00017c 000033ea 00000ada  2 sysclk_init_fnc 	sysclk_init_c.obj 
  00000566 00002a 00003566 00000c56  2 cmu_init_fnc 	sysclk_init_c.obj 
  00000590 0000c0 00003590 00000c80  2 mode_entry_post_config_fnc 	sysclk_init_c.obj 
  00000650 000000 00003650 00000d40  1 .text.65 	sysclk_init_c.obj 
  00000650 00004e 00003650 00000d40  1 .text 	sys_init_c.obj 
  00000650 00004e 00003650 00000d40  2 sys_init_fnc 	sys_init_c.obj 
  0000069e 000000 0000369e 00000d8e  1 .text.11 	sys_init_c.obj 
  0000069e 0000c8 0000369e 00000d8e  1 .text 	swt_init_c.obj 
  0000069e 0000c8 0000369e 00000d8e  2 swt_init_fnc 	swt_init_c.obj 
  UNUSED   000032 ........ ........    swt_srvc_seq_fnc swt_init_c.obj 
  00000766 000000 00003766 00000e56  1 .text.29 	swt_init_c.obj 
  00000766 0000a8 00003766 00000e56  1 .text 	stm_init_c.obj 
  00000766 0000a8 00003766 00000e56  2 stm_init_fnc 	stm_init_c.obj 
  0000080e 000000 0000380e 00000efe  1 .text.9 	stm_init_c.obj 
  0000080e 000524 0000380e 00000efe  1 .text 	st7565_c.obj 
  0000080e 000044 0000380e 00000efe  2 glcd_begin 	st7565_c.obj 
  00000852 00010a 00003852 00000f42  2 st7565_init 	st7565_c.obj 
  0000095c 0000cc 0000395c 0000104c  2 st7565_command 	st7565_c.obj 
  00000a28 0000ca 00003a28 00001118  2 st7565_data 	st7565_c.obj 
  00000af2 00002e 00003af2 000011e2  2 st7565_set_brightness 	st7565_c.obj 
  00000b20 000040 00003b20 00001210  2 glcd_clear_screen 	st7565_c.obj 
  00000b60 0000a0 00003b60 00001250  2 glcd_display 	st7565_c.obj 
  00000c00 000002 00003c00 000012f0  2 updateBoundingBox 	st7565_c.obj 
  00000c02 0000de 00003c02 000012f2  2 setpixel 	st7565_c.obj 
  UNUSED   000080 ........ ........    testdrawchar st7565_c.obj 
  00000ce0 000052 00003ce0 000013d0  2 backLightControl 	st7565_c.obj 
  00000d32 000000 00003d32 00001422  1 .text.184 	st7565_c.obj 
  00000d32 000110 00003d32 00001422  1 .text 	sona_sensor_c.obj 
  00000d32 00001a 00003d32 00001422  2 sona_sensor_init 	sona_sensor_c.obj 
  00000d4c 00002c 00003d4c 0000143c  2 sona_sensor_send_echo 	sona_sensor_c.obj 
  00000d78 00001e 00003d78 00001468  2 sona_sensor_end_echo 	sona_sensor_c.obj 
  00000d96 0000a2 00003d96 00001486  2 sona_sensor_get_pulse_width 	sona_sensor_c.obj 
  00000e38 00000a 00003e38 00001528  2 sona_sensor_get 	sona_sensor_c.obj 
  00000e42 000000 00003e42 00001532  1 .text.52 	sona_sensor_c.obj 
  00000e42 0009a8 00003e42 00001532  1 .text 	siu_init_c.obj 
  00000e42 000040 00003e42 00001532  2 siu_init_fnc 	siu_init_c.obj 
  00000e82 0000bc 00003e82 00001572  2 siu_portA_init_fnc 	siu_init_c.obj 
  00000f3e 0000b0 00003f3e 0000162e  2 siu_portB_init_fnc 	siu_init_c.obj 
  00000fee 0000b6 00003fee 000016de  2 siu_portC_init_fnc 	siu_init_c.obj 
  000010a4 00009c 000040a4 00001794  2 siu_portD_init_fnc 	siu_init_c.obj 
  00001140 0000b0 00004140 00001830  2 siu_portE_init_fnc 	siu_init_c.obj 
  000011f0 0000a2 000041f0 000018e0  2 siu_portF_init_fnc 	siu_init_c.obj 
  00001292 0000ac 00004292 00001982  2 siu_portG_init_fnc 	siu_init_c.obj 
  0000133e 00007c 0000433e 00001a2e  2 siu_portH_init_fnc 	siu_init_c.obj 
  000013ba 000178 000043ba 00001aaa  2 siu_general_init_fnc 	siu_init_c.obj 
  00001532 000052 00004532 00001c22  2 siu_parallel_port_init_fnc 	siu_init_c.obj 
  00001584 000002 00004584 00001c74  2 siu_unused_pins_init_fnc 	siu_init_c.obj 
  00001586 000264 00004586 00001c76  2 siu_psmi_init_fnc 	siu_init_c.obj 
  000017ea 000000 000047ea 00001eda  1 .text.57 	siu_init_c.obj 
  000017ea 0000fc 000047ea 00001eda  1 .text 	servo_motor_c.obj 
  000017ea 00001c 000047ea 00001eda  2 servo_motor_init 	servo_motor_c.obj 
  00001806 000024 00004806 00001ef6  2 servo_motor_move 	servo_motor_c.obj 
  UNUSED   000006 ........ ........    servo_get_current_angle servo_motor_c.obj 
  0000182a 000008 0000482a 00001f1a  2 ServoMotor_init 	servo_motor_c.obj 
  00001832 0000b4 00004832 00001f22  2 ServoMotor_rotate 	servo_motor_c.obj 
  000018e6 000000 000048e6 00001fd6  1 .text.81 	servo_motor_c.obj 
  000018e6 000030 000048e6 00001fd6  1 .text 	rtc_init_c.obj 
  000018e6 000030 000048e6 00001fd6  2 rtc_init_fnc 	rtc_init_c.obj 
  00001916 000000 00004916 00002006  1 .text.9 	rtc_init_c.obj 
  00001916 0000ae 00004916 00002006  1 .text 	romcopy_c.obj 
  00001916 0000ae 00004916 00002006  2 romcopy 	romcopy_c.obj 
  000019c4 000000 000049c4 000020b4  1 .text.34 	romcopy_c.obj 
  000019c4 00000c 000049c4 000020b4  1 .text 	rappid_utils_c.obj 
  000019c4 000006 000049c4 000020b4  2 EnableExternalInterrupts 	rappid_utils_c.obj 
  000019ca 000006 000049ca 000020ba  2 DisableExternalInterrupts 	rappid_utils_c.obj 
  UNUSED   000016 ........ ........    fs_clearmem rappid_utils_c.obj 
  000019d0 000000 000049d0 000020c0  1 .text.29 	rappid_utils_c.obj 
  000019d0 000194 000049d0 000020c0  1 .text 	pit_init_c.obj 
  000019d0 000194 000049d0 000020c0  2 pit_init_fnc 	pit_init_c.obj 
  00001b64 000000 00004b64 00002254  1 .text.32 	pit_init_c.obj 
  00001b64 0000a2 00004b64 00002254  1 .text 	main_c.obj 
  00001b64 0000a2 00004b64 00002254  2 main 	main_c.obj 
  00001c06 000000 00004c06 000022f6  1 .text.115 	main_c.obj 
  00001c06 000514 00004c06 000022f6  1 .text 	linflex_init_c.obj 
  00001c06 000028 00004c06 000022f6  2 linflex_init_fnc 	linflex_init_c.obj 
  00001c2e 000164 00004c2e 0000231e  2 linflex0_init_fnc 	linflex_init_c.obj 
  00001d92 0000ca 00004d92 00002482  2 linflex1_init_fnc 	linflex_init_c.obj 
  00001e5c 0000b6 00004e5c 0000254c  2 linflex2_init_fnc 	linflex_init_c.obj 
  00001f12 0000b6 00004f12 00002602  2 linflex3_init_fnc 	linflex_init_c.obj 
  00001fc8 00009c 00004fc8 000026b8  2 linflex4_init_fnc 	linflex_init_c.obj 
  00002064 0000b6 00005064 00002754  2 linflex5_init_fnc 	linflex_init_c.obj 
  0000211a 000000 0000511a 0000280a  1 .text.33 	linflex_init_c.obj 
  0000211a 000734 0000511a 0000280a  1 .text 	line_scan_c.obj 
  0000211a 000008 0000511a 0000280a  2 LineCamera_init 	line_scan_c.obj 
  00002122 0000d0 00005122 00002812  2 line_scan_init 	line_scan_c.obj 
  000021f2 000108 000051f2 000028e2  2 line_calc 	line_scan_c.obj 
  000022fa 000392 000052fa 000029ea  2 line_scan 	line_scan_c.obj 
  0000268c 000012 0000568c 00002d7c  2 line_values_get_index 	line_scan_c.obj 
  0000269e 000012 0000569e 00002d8e  2 line_values_get_detected 	line_scan_c.obj 
  000026b0 0000b6 000056b0 00002da0  2 line_scan_draw_in_glcd 	line_scan_c.obj 
  00002766 000006 00005766 00002e56  2 is_need_to_speed_down 	line_scan_c.obj 
  0000276c 0000e2 0000576c 00002e5c  2 make_avg_black 	line_scan_c.obj 
  UNUSED   000006 ........ ........    get_avg_black line_scan_c.obj 
  0000284e 000000 0000584e 00002f3e  1 .text.248 	line_scan_c.obj 
  0000284e 000002 0000584e 00002f3e  1 .text 	intc_sw_vecttable_c.obj 
  0000284e 000002 0000584e 00002f3e  2 interrupt_handler 	intc_sw_vecttable_c.obj 
  00002850 000000 00005850 00002f40  1 .text.34 	intc_sw_vecttable_c.obj 
  00002850 000398 00005850 00002f40  1 .text 	intc_pit_c.obj 
  00002850 00000c 00005850 00002f40  2 line_sensing 	intc_pit_c.obj 
  0000285c 0000f2 0000585c 00002f4c  2 sona_sensing 	intc_pit_c.obj 
  0000294e 000052 0000594e 0000303e  2 ai_control 	intc_pit_c.obj 
  000029a0 00001e 000059a0 00003090  2 utility_proccess 	intc_pit_c.obj 
  000029be 00021e 000059be 000030ae  2 check_bluetooth 	intc_pit_c.obj 
  00002bdc 000006 00005bdc 000032cc  2 get_draw_line_select 	intc_pit_c.obj 
  00002be2 000006 00005be2 000032d2  2 set_glcd_draw_select 	intc_pit_c.obj 
  00002be8 000000 00005be8 000032d8  1 .text.173 	intc_pit_c.obj 
  00002be8 000760 00005be8 000032d8  1 .text 	intc_init_c.obj 
  00002be8 000756 00005be8 000032d8  2 intc_init_fnc 	intc_init_c.obj 
  0000333e 00000a 0000633e 00003a2e  2 en_int_fnc 	intc_init_c.obj 
  00003348 000000 00006348 00003a38  1 .text.19 	intc_init_c.obj 
  00003348 000088 00006348 00003a38  1 .text 	gpio_drv_c.obj 
  00003348 000026 00006348 00003a38  2 GPIO_GetState 	gpio_drv_c.obj 
  0000336e 000026 0000636e 00003a5e  2 pin_read 	gpio_drv_c.obj 
  00003394 00001e 00006394 00003a84  2 GPIO_SetState 	gpio_drv_c.obj 
  000033b2 00001e 000063b2 00003aa2  2 pin_write 	gpio_drv_c.obj 
  000033d0 000000 000063d0 00003ac0  1 .text.29 	gpio_drv_c.obj 
  000033d0 000a38 000063d0 00003ac0  1 .text 	flexcan_init_c.obj 
  000033d0 00005a 000063d0 00003ac0  2 flexcan_init_fnc 	flexcan_init_c.obj 
  0000342a 00017e 0000642a 00003b1a  2 flexcan_0_init_fnc 	flexcan_init_c.obj 
  000035a8 0001ba 000065a8 00003c98  2 flexcan_1_init_fnc 	flexcan_init_c.obj 
  00003762 0001b8 00006762 00003e52  2 flexcan_2_init_fnc 	flexcan_init_c.obj 
  0000391a 0001b8 0000691a 0000400a  2 flexcan_3_init_fnc 	flexcan_init_c.obj 
  00003ad2 00017e 00006ad2 000041c2  2 flexcan_4_init_fnc 	flexcan_init_c.obj 
  00003c50 0001b8 00006c50 00004340  2 flexcan_5_init_fnc 	flexcan_init_c.obj 
  00003e08 000000 00006e08 000044f8  1 .text.196 	flexcan_init_c.obj 
  00003e08 0000d0 00006e08 000044f8  1 .text 	external_interrupt_c.obj 
  00003e08 0000d0 00006e08 000044f8  2 siu_external_irq_0 	external_interrupt_c.obj 
  00003ed8 000000 00006ed8 000045c8  1 .text.68 	external_interrupt_c.obj 
  00003ed8 00016e 00006ed8 000045c8  1 .text 	encoder_c.obj 
  00003ed8 00001a 00006ed8 000045c8  2 Encoder_init 	encoder_c.obj 
  00003ef2 000078 00006ef2 000045e2  2 Encoder_read 	encoder_c.obj 
  00003f6a 000040 00006f6a 0000465a  2 encoder_init 	encoder_c.obj 
  00003faa 000024 00006faa 0000469a  2 encoder_read_left 	encoder_c.obj 
  00003fce 000024 00006fce 000046be  2 encoder_read_right 	encoder_c.obj 
  00003ff2 00002a 00006ff2 000046e2  2 get_left_encoder 	encoder_c.obj 
  0000401c 00002a 0000701c 0000470c  2 get_right_encoder 	encoder_c.obj 
  00004046 000000 00007046 00004736  1 .text.82 	encoder_c.obj 
  00004046 000a12 00007046 00004736  1 .text 	emios_init_c.obj 
  00004046 000018 00007046 00004736  2 emios_init_fnc 	emios_init_c.obj 
  0000405e 000534 0000705e 0000474e  2 emios_0_init_fnc 	emios_init_c.obj 
  00004592 0004c6 00007592 00004c82  2 emios_1_init_fnc 	emios_init_c.obj 
  00004a58 000000 00007a58 00005148  1 .text.40 	emios_init_c.obj 
  00004a58 000324 00007a58 00005148  1 .text 	dspi_init_c.obj 
  00004a58 000024 00007a58 00005148  2 dspi_init_fnc 	dspi_init_c.obj 
  00004a7c 000086 00007a7c 0000516c  2 dspi0_init_fnc 	dspi_init_c.obj 
  00004b02 0000a8 00007b02 000051f2  2 dspi1_init_fnc 	dspi_init_c.obj 
  00004baa 0000a6 00007baa 0000529a  2 dspi2_init_fnc 	dspi_init_c.obj 
  00004c50 0000a6 00007c50 00005340  2 dspi3_init_fnc 	dspi_init_c.obj 
  00004cf6 000086 00007cf6 000053e6  2 dspi4_init_fnc 	dspi_init_c.obj 
  00004d7c 000000 00007d7c 0000546c  1 .text.29 	dspi_init_c.obj 
  00004d7c 0000e8 00007d7c 0000546c  1 .text 	dc_motor_c.obj 
  00004d7c 000014 00007d7c 0000546c  2 Motor_init 	dc_motor_c.obj 
  00004d90 00005c 00007d90 00005480  2 Motor_set_speed 	dc_motor_c.obj 
  00004dec 00003c 00007dec 000054dc  2 dc_motor_init 	dc_motor_c.obj 
  00004e28 00001e 00007e28 00005518  2 dc_motor_left_set_duty_rate 	dc_motor_c.obj 
  00004e46 00001e 00007e46 00005536  2 dc_motor_right_set_duty_rate 	dc_motor_c.obj 
  00004e64 000000 00007e64 00005554  1 .text.73 	dc_motor_c.obj 
  00004e64 00032c 00007e64 00005554  1 .text 	core_ai_c.obj 
  00004e64 000006 00007e64 00005554  2 get_ref_speed 	core_ai_c.obj 
  00004e6a 000006 00007e6a 0000555a  2 set_ref_speed 	core_ai_c.obj 
  00004e70 000006 00007e70 00005560  2 get_kp 	core_ai_c.obj 
  00004e76 000006 00007e76 00005566  2 get_kd 	core_ai_c.obj 
  00004e7c 000006 00007e7c 0000556c  2 get_ki 	core_ai_c.obj 
  UNUSED   000006 ........ ........    set_kp core_ai_c.obj 
  00004e82 000006 00007e82 00005572  2 set_kd 	core_ai_c.obj 
  00004e88 000006 00007e88 00005578  2 set_ki 	core_ai_c.obj 
  00004e8e 000302 00007e8e 0000557e  2 core_ai_think 	core_ai_c.obj 
  UNUSED   0000b6 ........ ........    pid_control core_ai_c.obj 
  00005190 000000 00008190 00005880  1 .text.207 	core_ai_c.obj 
  00005190 00020e 00008190 00005880  1 .text 	common_c.obj 
  00005190 000032 00008190 00005880  2 writePin 	common_c.obj 
  000051c2 000018 000081c2 000058b2  2 readPin 	common_c.obj 
  000051da 00002e 000081da 000058ca  2 sdelay 	common_c.obj 
  00005208 000032 00008208 000058f8  2 mdelay 	common_c.obj 
  UNUSED   00002a ........ ........    ndelay common_c.obj 
  UNUSED   00002c ........ ........    udelay common_c.obj 
  0000523a 00003c 0000823a 0000592a  2 print 	common_c.obj 
  00005276 000020 00008276 00005966  2 println 	common_c.obj 
  00005296 000016 00008296 00005986  2 sys_log 	common_c.obj 
  UNUSED   000016 ........ ........    err_log common_c.obj 
  000052ac 000026 000082ac 0000599c  2 pow 	common_c.obj 
  UNUSED   00001a ........ ........    get_number_string_length common_c.obj 
  UNUSED   00004e ........ ........    get_number_length common_c.obj 
  000052d2 000084 000082d2 000059c2  2 i_to_s_cnt 	common_c.obj 
  UNUSED   0000b2 ........ ........    Uart_100 common_c.obj 
  UNUSED   0000ee ........ ........    Uart_1000 common_c.obj 
  UNUSED   00012a ........ ........    Uart_10000 common_c.obj 
  00005356 000020 00008356 00005a46  2 clear_log_screen 	common_c.obj 
  00005376 000006 00008376 00005a66  2 is_started 	common_c.obj 
  0000537c 000022 0000837c 00005a6c  2 start 	common_c.obj 
  0000539e 000000 0000839e 00005a8e  1 .text.245 	common_c.obj 
  0000539e 00068a 0000839e 00005a8e  1 .text 	adc_init_c.obj 
  0000539e 00001c 0000839e 00005a8e  2 adc_init_fnc 	adc_init_c.obj 
  000053ba 0000c0 000083ba 00005aaa  2 adc_0_init_fnc 	adc_init_c.obj 
  0000547a 0000be 0000847a 00005b6a  2 adc_1_init_fnc 	adc_init_c.obj 
  00005538 0002a2 00008538 00005c28  2 adc_ctuevent_init_fnc 	adc_init_c.obj 
  000057da 000144 000087da 00005eca  2 adc_0_channel_setup_fnc 	adc_init_c.obj 
  0000591e 0000c6 0000891e 0000600e  2 adc_1_channel_setup_fnc 	adc_init_c.obj 
  000059e4 00001e 000089e4 000060d4  2 adc_0_trigger_setup_fnc 	adc_init_c.obj 
  00005a02 000026 00008a02 000060f2  2 adc_1_trigger_setup_fnc 	adc_init_c.obj 
  00005a28 000000 00008a28 00006118  1 .text.37 	adc_init_c.obj 
  00005a28 000084 00008a28 00006118  1 .text 	adc_drv_c.obj 
  UNUSED   00005c ........ ........    A2D_GetSingleCh_12bit adc_drv_c.obj 
  00005a28 000084 00008a28 00006118  2 A2D_GetSingleCh_10bit 	adc_drv_c.obj 
  UNUSED   00002a ........ ........    A2D_GetChResult_12bit adc_drv_c.obj 
  UNUSED   000030 ........ ........    A2D_GetChResult_10bit adc_drv_c.obj 
  UNUSED   00001c ........ ........    A2D_SetupCh_12bit adc_drv_c.obj 
  UNUSED   00005e ........ ........    A2D_SetupCh_10bit adc_drv_c.obj 
  00005aac 000000 00008aac 0000619c  1 .text.66 	adc_drv_c.obj 
  00005aac 0001f0 00008aac 0000619c  1 .text 	UART_drv_c.obj 
  00005aac 0000b0 00008aac 0000619c  2 UartTxMsg 	UART_drv_c.obj 
  00005b5c 000070 00008b5c 0000624c  2 UartRxDataByte 	UART_drv_c.obj 
  UNUSED   000044 ........ ........    UartRxNewDataSize UART_drv_c.obj 
  00005bcc 00002e 00008bcc 000062bc  2 UartRxBufEmpty 	UART_drv_c.obj 
  UNUSED   000018 ........ ........    UartBufInit UART_drv_c.obj 
  00005bfa 0000a2 00008bfa 000062ea  2 UartRxFillBuf 	UART_drv_c.obj 
  00005c9c 000000 00008c9c 0000638c  1 .text.77 	UART_drv_c.obj 


.rodata section layout
  Starting        Virtual  File
  address  Size   address  offset
  ---------------------------------


.ctors section layout
  Starting        Virtual  File
  address  Size   address  offset
  ---------------------------------


.dtors section layout
  Starting        Virtual  File
  address  Size   address  offset
  ---------------------------------


.sdata2 section layout
  Starting        Virtual  File
  address  Size   address  offset
  ---------------------------------
  00000000 000008 00008ca0 00006390  1 .sdata2 	st7565_c.obj 
  00000000 000008 00008ca0 00006390  8 pagemap 	st7565_c.obj 


.sbss2 section layout
  Starting        Virtual  File
  address  Size   address  offset
  ---------------------------------


.data section layout
  Starting        Virtual  File
  address  Size   address  offset
  ---------------------------------
  00000000 000400 40000000 00006398  1 .data 	st7565_c.obj 
  00000000 000400 40000000 00006398  8 st7565_buffer 	st7565_c.obj 
  00000400 00014c 40000400 00006798  1 .data 	intc_pit_c.obj 
  00000400 000009 40000400 00006798  4 @139 	intc_pit_c.obj 
  0000040c 000009 4000040c 000067a4  4 @143 	intc_pit_c.obj 
  00000418 000134 40000418 000067b0  4 @144 	intc_pit_c.obj 
  0000054c 000004 40000550 000068e8  8 *fill*
  00000550 000019 40000550 000068e8  1 .data 	external_interrupt_c.obj 
  00000550 00000a 40000550 000068e8  4 @53 	external_interrupt_c.obj 
  0000055c 00000d 4000055c 000068f4  4 @54 	external_interrupt_c.obj 
  00000569 000007 40000570 00006908  8 *fill*
  00000570 0001bf 40000570 00006908  1 .data 	core_ai_c.obj 
  UNUSED   00165c ........ ........    atan core_ai_c.obj 
  00000570 000168 40000570 00006908  8 cos_calc_values 	core_ai_c.obj 
  000006d8 00000c 400006d8 00006a70  4 @164 	core_ai_c.obj 
  000006e4 00000d 400006e4 00006a7c  4 @166 	core_ai_c.obj 
  000006f4 000015 400006f4 00006a8c  4 @167 	core_ai_c.obj 
  0000070c 000011 4000070c 00006aa4  4 @169 	core_ai_c.obj 
  00000720 00000f 40000720 00006ab8  4 @170 	core_ai_c.obj 


.j_pdata section layout
  Starting        Virtual  File
  address  Size   address  offset
  ---------------------------------


.sdata section layout
  Starting        Virtual  File
  address  Size   address  offset
  ---------------------------------
  00000000 000006 40000730 00006ac8  1 .sdata 	main_c.obj 
  00000000 000006 40000730 00006ac8  4 @99 	main_c.obj 
  00000006 000002 40000738 00006ad0  8 *fill*
  00000008 000004 40000738 00006ad0  1 .sdata 	line_scan_c.obj 
  00000008 000004 40000738 00006ad0  4 avg_black 	line_scan_c.obj 
  0000000c 000004 40000740 00006ad8  8 *fill*
  00000010 00001e 40000740 00006ad8  1 .sdata 	intc_pit_c.obj 
  UNUSED   000004 ........ ........    _ref_speed intc_pit_c.obj 
  UNUSED   000004 ........ ........    kp intc_pit_c.obj 
  UNUSED   000004 ........ ........    kd intc_pit_c.obj 
  UNUSED   000004 ........ ........    ki intc_pit_c.obj 
  00000010 000001 40000740 00006ad8  1 @LOCAL@sona_sensing__Fv@sona_state 	intc_pit_c.obj 
  00000014 000004 40000744 00006adc  4 @LOCAL@check_bluetooth__Fv@servo 	intc_pit_c.obj 
  00000018 000006 40000748 00006ae0  4 @140 	intc_pit_c.obj 
  00000020 000006 40000750 00006ae8  4 @141 	intc_pit_c.obj 
  00000028 000006 40000758 00006af0  4 @142 	intc_pit_c.obj 
  0000002e 000002 40000760 00006af8  8 *fill*
  00000030 00001a 40000760 00006af8  1 .sdata 	core_ai_c.obj 
  00000030 000004 40000760 00006af8  4 _ref_speed 	core_ai_c.obj 
  00000034 000004 40000764 00006afc  4 kp 	core_ai_c.obj 
  00000038 000004 40000768 00006b00  4 kd 	core_ai_c.obj 
  0000003c 000004 4000076c 00006b04  4 ki 	core_ai_c.obj 
  00000040 000003 40000770 00006b08  4 @165 	core_ai_c.obj 
  00000044 000006 40000774 00006b0c  4 @168 	core_ai_c.obj 
  0000004a 000006 40000780 00006b18  8 *fill*
  00000050 00001e 40000780 00006b18  1 .sdata 	common_c.obj 
  00000050 000004 40000780 00006b18  4 loops_per_sec 	common_c.obj 
  00000054 000003 40000784 00006b1c  4 @126 	common_c.obj 
  00000058 000005 40000788 00006b20  4 @213 	common_c.obj 
  00000060 000007 40000790 00006b28  4 @214 	common_c.obj 
  00000068 000006 40000798 00006b30  4 @223 	common_c.obj 


.sbss section layout
  Starting        Virtual  File
  address  Size   address  offset
  ---------------------------------
  00000000 000008 400007a0 00006b38  1 .sbss 	sona_sensor_c.obj 
  00000000 000008 400007a0 00006b38  8 sona_sensor 	sona_sensor_c.obj 
  00000008 000008 400007a8 00006b40  1 .sbss 	servo_motor_c.obj 
  00000008 000008 400007a8 00006b40  8 handle_motor 	servo_motor_c.obj 
  00000010 000001 400007b0 00006b48  1 .sbss 	line_scan_c.obj 
  00000010 000001 400007b0 00006b48  1 need_speed_down 	line_scan_c.obj 
  UNUSED   000004 ........ ........    @LOCAL@line_scan_draw_in_glcd__Fi@selected_line_blink_animation_flag line_scan_c.obj 
  00000011 000007 400007b8 00006b50  8 *fill*
  00000018 000008 400007b8 00006b50  1 .sbss 	intc_pit_c.obj 
  UNUSED   000001 ........ ........    danger_level intc_pit_c.obj 
  00000018 000001 400007b8 00006b50  1 boost_up_mode 	intc_pit_c.obj 
  UNUSED   000008 ........ ........    sona_sensor intc_pit_c.obj 
  UNUSED   000008 ........ ........    right_wheel intc_pit_c.obj 
  UNUSED   000008 ........ ........    left_wheel intc_pit_c.obj 
  0000001c 000004 400007bc 00006b54  4 line_draw_select 	intc_pit_c.obj 
  00000020 000001 400007c0 00006b58  1 .sbss 	core_ai_c.obj 
  00000020 000001 400007c0 00006b58  1 danger_level 	core_ai_c.obj 
  UNUSED   000004 ........ ........    @LOCAL@core_ai_think__Fv@caution_not_fount_count core_ai_c.obj 
  UNUSED   000004 ........ ........    @LOCAL@pid_control__Fll@errorSum@0 core_ai_c.obj 
  UNUSED   000008 ........ ........    sona_sensor core_ai_c.obj 
  00000021 000007 400007c8 00006b60  8 *fill*
  00000028 000001 400007c8 00006b60  1 .sbss 	common_c.obj 
  00000028 000001 400007c8 00006b60  1 is_start 	common_c.obj 


.bss section layout
  Starting        Virtual  File
  address  Size   address  offset
  ---------------------------------
  00000000 00122a 400007d0 00006b38  1 .bss 	line_scan_c.obj 
  UNUSED   000200 ........ ........    line_down_start_point_array line_scan_c.obj 
  UNUSED   000200 ........ ........    line_down_point_buf line_scan_c.obj 
  UNUSED   000200 ........ ........    line_calc_buf line_scan_c.obj 
  00000000 000c00 400007d0 00006b38  8 line_max_min_table 	line_scan_c.obj 
  00000c00 000018 400013d0 00007738  8 line_point_value 	line_scan_c.obj 
  00000c18 000600 400013e8 00007750  8 line_values 	line_scan_c.obj 
  00001218 000012 400019e8 00007d50  4 lineCameras 	line_scan_c.obj 
  0000122a 000006 40001a00 00007d68  8 *fill*
  00001230 000040 40001a00 00007d68  1 .bss 	encoder_c.obj 
  00001230 000020 40001a00 00007d68  8 right_encoder 	encoder_c.obj 
  00001250 000020 40001a20 00007d88  8 left_encoder 	encoder_c.obj 
  00001270 000018 40001a40 00007da8  1 .bss 	dc_motor_c.obj 
  00001270 00000c 40001a40 00007da8  4 right_motor 	dc_motor_c.obj 
  0000127c 00000c 40001a4c 00007db4  4 left_motor 	dc_motor_c.obj 
  00001288 000104 40001a58 00007dc0  1 .bss 	UART_drv_c.obj 
  00001288 000104 40001a58 00007dc0  4 UARTBuf 	UART_drv_c.obj 


.tibss section layout
  Starting        Virtual  File
  address  Size   address  offset
  ---------------------------------


.tidata section layout
  Starting        Virtual  File
  address  Size   address  offset
  ---------------------------------


Memory map:
                       Starting Size     File     ROM      RAM Buffer  S-Record
                       address           Offset   Address  Address     Line
       .__bam_bootarea 00000000 00000008 00000240 00000000 00000000          2
                 .init 00000020 00000000 00000248 00003000 00003000          0
             .init_vle 00000020 00000000 00000248 00000020 00000020          0
        .exec_vect_Vle 00001000 000000f4 00000250 00001000 00001000          3
                .vects 00002000 000003a8 00000348 00002000 00002000         16
             .text_vle 00003000 00005c9c 000006f0 00003000 00003000         63
               .rodata 00008c9c 00000000 0000638c 00008c9c 00008c9c          0
                .ctors 00008c9c 00000000 0000638c 00008c9c 00008c9c          0
                .dtors 00008c9c 00000000 0000638c 00008c9c 00008c9c          0
               .sdata2 00008ca0 00000008 00006390 00008ca0 00008ca0       1249
                .sbss2 00008ca8 00000000 00006398 00008ca8 00008ca8          0
                 .data 40000000 00000730 00006398 00008ca8 00008ca8       1250
                .sdata 40000730 00000070 00006ac8 000093d8 000093d8       1342
                 .sbss 400007a0 0000002c 00006b38 00009448 00009448          0
                  .bss 400007d0 0000138c 00006b38 00009448 00009448          0
      .PPC.EMB.apuinfo 000109b0 00000000 000174f0 00019df8 00019df8          0
         .debug_abbrev          00000173 00006b38
           .debug_info          00004e60 00006cab
        .debug_aranges          00000080 0000bb0b
           .debug_line          00007b93 0000bb8b
            .debug_loc          00000d5a 0001371e
       .debug_pubnames          00000d71 00014478


Linker generated symbols:
                   __argv 00003000
                    __env 00003000
               __DATA_ROM 00008ca8
               __DATA_RAM 40000000
               __DATA_END 400007a0
              __BSS_START 400007a0
                __BSS_END 40001b5c
                __SP_INIT 40014000
                 __SP_END 40013000
               __HEAP_END 40013000
            ___HEAP_START 003cfff0
              ___HEAP_END 40013000
               ___SP_INIT 40014000
                ___SP_END 40013000
              ___DATA_ROM 00008ca8
              ___DATA_RAM 40000000
              ___DATA_END 400007a0
             ___BSS_START 400007a0
               ___BSS_END 40001b5c
        _f___bam_bootarea 00000000
    _f___bam_bootarea_rom 00000000
        _e___bam_bootarea 00000008
                  _f_init 00000020
              _f_init_rom 00003000
                  _e_init 00000020
              _f_init_vle 00000020
          _f_init_vle_rom 00000020
              _e_init_vle 00000020
             _f_exec_vect 00001000
         _f_exec_vect_rom 00001000
             _e_exec_vect 00001000
         _f_exec_vect_Vle 00001000
     _f_exec_vect_Vle_rom 00001000
         _e_exec_vect_Vle 000010f4
                 _f_vects 00002000
             _f_vects_rom 00002000
                 _e_vects 000023a8
                  _f_text 00003000
              _f_text_rom 00003000
                  _e_text 00003000
              _f_text_vle 00003000
          _f_text_vle_rom 00003000
              _e_text_vle 00008c9c
                _f_rodata 00008c9c
            _f_rodata_rom 00008c9c
                _e_rodata 00008c9c
                 _f_ctors 00008c9c
             _f_ctors_rom 00008c9c
                 _e_ctors 00008c9c
                 _f_dtors 00008c9c
             _f_dtors_rom 00008c9c
                 _e_dtors 00008c9c
                _f_sdata2 00008ca0
            _f_sdata2_rom 00008ca0
                _e_sdata2 00008ca8
                 _f_sbss2 00008ca8
                 _e_sbss2 00008ca8
                  _f_data 40000000
              _f_data_rom 00008ca8
                  _e_data 40000730
               _f_j_pdata 40000730
           _f_j_pdata_rom 000093d8
               _e_j_pdata 40000730
                 _f_sdata 40000730
             _f_sdata_rom 000093d8
                 _e_sdata 400007a0
                  _f_sbss 400007a0
                  _e_sbss 400007cc
                   _f_bss 400007d0
                   _e_bss 40001b5c
                 _f_tibss 40001b5c
             _f_tibss_rom 00009448
                 _e_tibss 40001b5c
                _f_tidata 40001b5c
            _f_tidata_rom 00009448
                _e_tidata 40001b5c
              _stack_addr 003dfff0
               _stack_end 003d7ff0
               _heap_addr 003cfff0
                _heap_end 003d7ff0
             _nbfunctions 0000008e
           SIZEOF_HEADERS 00000240
               _SDA_BASE_ 40008730
              _SDA2_BASE_ 00010ca0
           _ABS_SDA_BASE_ 40008730
          _ABS_SDA2_BASE_ 00010ca0
                 _SP_INIT 003dfff0
             __HEAP_START 003cfff0
              __mem_limit 003d7ff0
           __stack_safety 00000010
